✔ R1: lab-ad-first-sign-in Apply keeps full TGS reply, focused Send and final state consistent in A.EXAMPLE (8217.186736ms)
✔ R1: lab-ad-first-sign-in Apply keeps full TGS reply, focused Send and final state consistent in CORP.EXAMPLE (7471.779449ms)
✔ R1: lab-kc-kerberos-sso Apply keeps full TGS reply, focused Send and final state consistent in A.EXAMPLE (7784.850584ms)
✔ R1: lab-kc-kerberos-sso Apply keeps full TGS reply, focused Send and final state consistent in CORP.EXAMPLE (7188.112048ms)
✔ R1: constructor context preserves causal outcomes and exact field values for lab-ad-first-sign-in (8.631914ms)
✔ R1: constructor context preserves causal outcomes and exact field values for lab-ad-cache-none (5.996589ms)
✔ R1: constructor context preserves causal outcomes and exact field values for lab-ad-cache-tgt (2.625188ms)
✔ R1: constructor context preserves causal outcomes and exact field values for lab-ad-cache-service (1.11656ms)
✔ R1: constructor context preserves causal outcomes and exact field values for lab-ad-unknown-spn (1.052945ms)
✔ R1: constructor context preserves causal outcomes and exact field values for lab-ad-stale-service-key (2.474085ms)
✔ R1: constructor context preserves causal outcomes and exact field values for lab-ad-clock-skew (0.954791ms)
✔ R1: constructor context preserves causal outcomes and exact field values for lab-ad-expired-ticket (1.000849ms)
✔ R1: constructor context preserves causal outcomes and exact field values for lab-ad-authenticator-replay (0.983673ms)
✔ R1: constructor context preserves causal outcomes and exact field values for lab-ad-access-denied (0.95407ms)
✔ R1: constructor context preserves causal outcomes and exact field values for lab-kc-kerberos-sso (4.652293ms)
✔ R1: constructor context preserves causal outcomes and exact field values for lab-kc-spnego-missing-acceptor-mic (4.696078ms)
✔ R1: constructor context preserves causal outcomes and exact field values for lab-kc-spnego-invalid-acceptor-mic (4.179365ms)
✔ R1: constructor context preserves causal outcomes and exact field values for lab-kc-kerberos-alternative-otp-skip (5.041198ms)
✔ R1: constructor context preserves causal outcomes and exact field values for lab-kc-kerberos-fresh-totp (5.497523ms)
✔ R1: constructor context preserves causal outcomes and exact field values for lab-kc-password-fresh-totp (2.436299ms)
✔ R1: constructor context preserves causal outcomes and exact field values for lab-kc-low-assurance-cookie (1.992294ms)
✔ R1: constructor context preserves causal outcomes and exact field values for lab-kc-cookie-fresh-factor (2.040454ms)
✔ R1: constructor context preserves causal outcomes and exact field values for lab-kc-cookie-age-reuse (1.808352ms)
✔ R1: constructor context preserves causal outcomes and exact field values for lab-kc-cookie-age-expired (2.364423ms)
✔ R1: constructor context preserves causal outcomes and exact field values for lab-kc-factor-unenrolled (4.000741ms)
✔ R1: constructor context preserves causal outcomes and exact field values for lab-kc-factor-failed (4.371589ms)
✔ R1: constructor context preserves causal outcomes and exact field values for lab-kc-factor-cancelled (4.393302ms)
✔ R1: constructor context preserves causal outcomes and exact field values for lab-kc-unsupported-assurance (1.5093ms)
✔ R1: constructor context preserves causal outcomes and exact field values for lab-kc-prompt-none-factor-required (1.151121ms)
✔ R1: constructor context preserves causal outcomes and exact field values for lab-kc-kerberos-fresh-webauthn (5.611681ms)
✔ R1: constructor context preserves causal outcomes and exact field values for lab-kc-webauthn-uv-policy-fail (4.554579ms)
ℹ tests 31
ℹ suites 0
ℹ pass 31
ℹ fail 0
ℹ cancelled 0
ℹ skipped 0
ℹ todo 0
ℹ duration_ms 31181.145957
