TAP version 13
# Subtest: R2: lab-ad-first-sign-in accepts the chosen 254-character realm boundary and Reset restores its base
ok 1 - R2: lab-ad-first-sign-in accepts the chosen 254-character realm boundary and Reset restores its base
  ---
  duration_ms: 4521.993292
  type: 'test'
  ...
# Subtest: R2: lab-ad-first-sign-in rejects a 255-character realm atomically, then corrected Apply works without Reset
ok 2 - R2: lab-ad-first-sign-in rejects a 255-character realm atomically, then corrected Apply works without Reset
  ---
  duration_ms: 5179.730979
  type: 'test'
  ...
# Subtest: R2: lab-ad-first-sign-in rejects a 2048-character realm atomically, then corrected Apply works without Reset
ok 3 - R2: lab-ad-first-sign-in rejects a 2048-character realm atomically, then corrected Apply works without Reset
  ---
  duration_ms: 6861.804974
  type: 'test'
  ...
# Subtest: R2: lab-ad-first-sign-in unexpected fixture-constructor failure is an atomic recoverable Apply rejection
ok 4 - R2: lab-ad-first-sign-in unexpected fixture-constructor failure is an atomic recoverable Apply rejection
  ---
  duration_ms: 9248.005368
  type: 'test'
  ...
# Subtest: R3: lab-ad-first-sign-in unqualified service identity is consistent through requests, full/focused reply, animation and cache
ok 5 - R3: lab-ad-first-sign-in unqualified service identity is consistent through requests, full/focused reply, animation and cache
  ---
  duration_ms: 5493.742106
  type: 'test'
  ...
# Subtest: R3: lab-ad-first-sign-in matching @A.EXAMPLE qualifier normalizes without moving the account realm
ok 6 - R3: lab-ad-first-sign-in matching @A.EXAMPLE qualifier normalizes without moving the account realm
  ---
  duration_ms: 5511.983053
  type: 'test'
  ...
# Subtest: R3: lab-ad-first-sign-in matching @CORP.EXAMPLE qualifier normalizes without moving the account realm
ok 7 - R3: lab-ad-first-sign-in matching @CORP.EXAMPLE qualifier normalizes without moving the account realm
  ---
  duration_ms: 5308.101759
  type: 'test'
  ...
# Subtest: R3: lab-ad-first-sign-in conflicting @OTHER.EXAMPLE preserves the prior A.EXAMPLE model and running trace
ok 8 - R3: lab-ad-first-sign-in conflicting @OTHER.EXAMPLE preserves the prior A.EXAMPLE model and running trace
  ---
  duration_ms: 7003.283002
  type: 'test'
  ...
# Subtest: R3: lab-ad-first-sign-in conflicting @OTHER.EXAMPLE preserves the prior CORP.EXAMPLE model and running trace
ok 9 - R3: lab-ad-first-sign-in conflicting @OTHER.EXAMPLE preserves the prior CORP.EXAMPLE model and running trace
  ---
  duration_ms: 6839.774139
  type: 'test'
  ...
# Subtest: R2: lab-kc-kerberos-sso accepts the chosen 254-character realm boundary and Reset restores its base
ok 10 - R2: lab-kc-kerberos-sso accepts the chosen 254-character realm boundary and Reset restores its base
  ---
  duration_ms: 5039.854227
  type: 'test'
  ...
# Subtest: R2: lab-kc-kerberos-sso rejects a 255-character realm atomically, then corrected Apply works without Reset
ok 11 - R2: lab-kc-kerberos-sso rejects a 255-character realm atomically, then corrected Apply works without Reset
  ---
  duration_ms: 6224.480955
  type: 'test'
  ...
# Subtest: R2: lab-kc-kerberos-sso rejects a 2048-character realm atomically, then corrected Apply works without Reset
ok 12 - R2: lab-kc-kerberos-sso rejects a 2048-character realm atomically, then corrected Apply works without Reset
  ---
  duration_ms: 7900.383997
  type: 'test'
  ...
# Subtest: R2: lab-kc-kerberos-sso unexpected fixture-constructor failure is an atomic recoverable Apply rejection
ok 13 - R2: lab-kc-kerberos-sso unexpected fixture-constructor failure is an atomic recoverable Apply rejection
  ---
  duration_ms: 7854.399305
  type: 'test'
  ...
# Subtest: R3: lab-kc-kerberos-sso unqualified service identity is consistent through requests, full/focused reply, animation and cache
ok 14 - R3: lab-kc-kerberos-sso unqualified service identity is consistent through requests, full/focused reply, animation and cache
  ---
  duration_ms: 4804.120638
  type: 'test'
  ...
# Subtest: R3: lab-kc-kerberos-sso matching @A.EXAMPLE qualifier normalizes without moving the account realm
ok 15 - R3: lab-kc-kerberos-sso matching @A.EXAMPLE qualifier normalizes without moving the account realm
  ---
  duration_ms: 4478.468484
  type: 'test'
  ...
# Subtest: R3: lab-kc-kerberos-sso matching @CORP.EXAMPLE qualifier normalizes without moving the account realm
ok 16 - R3: lab-kc-kerberos-sso matching @CORP.EXAMPLE qualifier normalizes without moving the account realm
  ---
  duration_ms: 4350.086082
  type: 'test'
  ...
# Subtest: R3: lab-kc-kerberos-sso conflicting @OTHER.EXAMPLE preserves the prior A.EXAMPLE model and running trace
ok 17 - R3: lab-kc-kerberos-sso conflicting @OTHER.EXAMPLE preserves the prior A.EXAMPLE model and running trace
  ---
  duration_ms: 7540.499554
  type: 'test'
  ...
# Subtest: R3: lab-kc-kerberos-sso conflicting @OTHER.EXAMPLE preserves the prior CORP.EXAMPLE model and running trace
ok 18 - R3: lab-kc-kerberos-sso conflicting @OTHER.EXAMPLE preserves the prior CORP.EXAMPLE model and running trace
  ---
  duration_ms: 7949.872749
  type: 'test'
  ...
# Subtest: R3: Apply rejects unsupported or ambiguous principal notation cifs/review.corp.example@A.EXAMPLE@OTHER.EXAMPLE
ok 19 - R3: Apply rejects unsupported or ambiguous principal notation cifs/review.corp.example@A.EXAMPLE@OTHER.EXAMPLE
  ---
  duration_ms: 4105.566357
  type: 'test'
  ...
# Subtest: R3: Apply rejects unsupported or ambiguous principal notation cifs/review\\@corp.example@A.EXAMPLE
ok 20 - R3: Apply rejects unsupported or ambiguous principal notation cifs/review\\@corp.example@A.EXAMPLE
  ---
  duration_ms: 4054.972596
  type: 'test'
  ...
# Subtest: R2: an invalid inactive Kerberos draft cannot poison a successful SSH environment Apply
ok 21 - R2: an invalid inactive Kerberos draft cannot poison a successful SSH environment Apply
  ---
  duration_ms: 4953.042496
  type: 'test'
  ...
# Subtest: R3: lab-ad-pkinit-success uses the same matching qualifier contract in the request and accepted service cache
ok 22 - R3: lab-ad-pkinit-success uses the same matching qualifier contract in the request and accepted service cache
  ---
  duration_ms: 2571.552069
  type: 'test'
  ...
# Subtest: R3: lab-ad-pkinit-success rejects a conflicting target realm through Apply and remains correctable
ok 23 - R3: lab-ad-pkinit-success rejects a conflicting target realm through Apply and remains correctable
  ---
  duration_ms: 2273.442468
  type: 'test'
  ...
# Subtest: R3: lab-ad-fast-tgs-success uses the same matching qualifier contract in the request and accepted service cache
ok 24 - R3: lab-ad-fast-tgs-success uses the same matching qualifier contract in the request and accepted service cache
  ---
  duration_ms: 2065.268356
  type: 'test'
  ...
# Subtest: R3: lab-ad-fast-tgs-success rejects a conflicting target realm through Apply and remains correctable
ok 25 - R3: lab-ad-fast-tgs-success rejects a conflicting target realm through Apply and remains correctable
  ---
  duration_ms: 2018.855162
  type: 'test'
  ...
# Subtest: R3: direct lab-ad-first-sign-in projection and participant rows normalize a raw matching-qualified context without mutating issued fixtures
ok 26 - R3: direct lab-ad-first-sign-in projection and participant rows normalize a raw matching-qualified context without mutating issued fixtures
  ---
  duration_ms: 5.474794
  type: 'test'
  ...
# Subtest: R3: direct lab-kc-kerberos-sso projection and participant rows normalize a raw matching-qualified context without mutating issued fixtures
ok 27 - R3: direct lab-kc-kerberos-sso projection and participant rows normalize a raw matching-qualified context without mutating issued fixtures
  ---
  duration_ms: 6.714887
  type: 'test'
  ...
1..27
# tests 27
# suites 0
# pass 27
# fail 0
# cancelled 0
# skipped 0
# todo 0
# duration_ms 134572.212167
