{
  "passed": false,
  "caseCount": 12,
  "htmlSha256": "918b601be9ac8c3e1832097a0a214ac1ff3a43f8d7a678a92e6bf7082f9689bd",
  "nativeBrowser": false,
  "failures": [
    {
      "id": "lab-ad-first-sign-in",
      "condition": "realm-2048",
      "reason": "AssertionError [ERR_ASSERTION]: Expected values to be strictly equal:"
    },
    {
      "id": "lab-ad-first-sign-in",
      "condition": "matching-qualifier",
      "reason": "AssertionError [ERR_ASSERTION]: Expected values to be strictly equal:"
    },
    {
      "id": "lab-ad-first-sign-in",
      "condition": "conflicting-qualifier",
      "reason": "AssertionError [ERR_ASSERTION]: Expected values to be strictly equal:"
    },
    {
      "id": "lab-kc-kerberos-sso",
      "condition": "realm-2048",
      "reason": "AssertionError [ERR_ASSERTION]: Expected values to be strictly equal:"
    },
    {
      "id": "lab-kc-kerberos-sso",
      "condition": "matching-qualifier",
      "reason": "AssertionError [ERR_ASSERTION]: Expected values to be strictly equal:"
    },
    {
      "id": "lab-kc-kerberos-sso",
      "condition": "conflicting-qualifier",
      "reason": "AssertionError [ERR_ASSERTION]: Expected values to be strictly equal:"
    }
  ]
}
