TAP version 13
# Subtest: F01: selected SPNEGO integrity exchange carries distinct reciprocal MICs in causal order
not ok 1 - F01: selected SPNEGO integrity exchange carries distinct reciprocal MICs in causal order
  ---
  duration_ms: 1.65879
  type: 'test'
  location: '/workspace/scratch/231fca57c2a8/review-code1-original-gz7_x9gt/auth-lab-main/tests/reviewer-code1-regression.test.mjs:44:1'
  failureType: 'testCodeFailure'
  error: 'The acceptor creates its own MIC'
  code: 'ERR_ASSERTION'
  name: 'AssertionError'
  expected: true
  operator: '=='
  stack: |-
    TestContext.<anonymous> (file:///workspace/scratch/231fca57c2a8/review-code1-original-gz7_x9gt/auth-lab-main/tests/reviewer-code1-regression.test.mjs:48:10)
    Test.runInAsyncScope (node:async_hooks:227:14)
    Test.run (node:internal/test_runner/test:1382:25)
    Test.start (node:internal/test_runner/test:1242:17)
    startSubtestAfterBootstrap (node:internal/test_runner/harness:387:17)
  ...
# Subtest: F02: ticket identity preserves independent clear sname/realm values in every affected source and focused view
not ok 2 - F02: ticket identity preserves independent clear sname/realm values in every affected source and focused view
  ---
  duration_ms: 0.70406
  type: 'test'
  location: '/workspace/scratch/231fca57c2a8/review-code1-original-gz7_x9gt/auth-lab-main/tests/reviewer-code1-regression.test.mjs:64:1'
  failureType: 'testCodeFailure'
  error: |-
    lab-ad-first-sign-in lab-ad-first-sign-in-as-create Ticket.sname (TGT)
    + actual - expected
    
    + 'ticket:tgt:alice:01'
    - 'krbtgt/A.EXAMPLE'
    
  code: 'ERR_ASSERTION'
  name: 'AssertionError'
  expected: 'krbtgt/A.EXAMPLE'
  actual: 'ticket:tgt:alice:01'
  operator: 'strictEqual'
  stack: |-
    TestContext.<anonymous> (file:///workspace/scratch/231fca57c2a8/review-code1-original-gz7_x9gt/auth-lab-main/tests/reviewer-code1-regression.test.mjs:69:14)
    Test.runInAsyncScope (node:async_hooks:227:14)
    Test.run (node:internal/test_runner/test:1382:25)
    Test.processPendingSubtests (node:internal/test_runner/test:960:18)
    Test.postRun (node:internal/test_runner/test:1522:19)
    Test.run (node:internal/test_runner/test:1447:12)
    async startSubtestAfterBootstrap (node:internal/test_runner/harness:387:3)
  ...
# Subtest: F03: lab-ad-pkinit-success rebuilds realm-dependent request/reply/cache fields as a fresh consistent fixture
not ok 3 - F03: lab-ad-pkinit-success rebuilds realm-dependent request/reply/cache fields as a fresh consistent fixture
  ---
  duration_ms: 0.909974
  type: 'test'
  location: '/workspace/scratch/231fca57c2a8/review-code1-original-gz7_x9gt/auth-lab-main/tests/reviewer-code1-regression.test.mjs:88:98'
  failureType: 'testCodeFailure'
  error: |-
    Structured fixtures require a context-aware constructor
    + actual - expected
    
    + 'undefined'
    - 'function'
    
  code: 'ERR_ASSERTION'
  name: 'AssertionError'
  expected: 'function'
  actual: 'undefined'
  operator: 'strictEqual'
  stack: |-
    TestContext.<anonymous> (file:///workspace/scratch/231fca57c2a8/review-code1-original-gz7_x9gt/auth-lab-main/tests/reviewer-code1-regression.test.mjs:90:10)
    Test.runInAsyncScope (node:async_hooks:227:14)
    Test.run (node:internal/test_runner/test:1382:25)
    Test.processPendingSubtests (node:internal/test_runner/test:960:18)
    Test.postRun (node:internal/test_runner/test:1522:19)
    Test.run (node:internal/test_runner/test:1447:12)
    async Test.processPendingSubtests (node:internal/test_runner/test:960:7)
  ...
# Subtest: F03: lab-ad-fast-as-success rebuilds realm-dependent request/reply/cache fields as a fresh consistent fixture
not ok 4 - F03: lab-ad-fast-as-success rebuilds realm-dependent request/reply/cache fields as a fresh consistent fixture
  ---
  duration_ms: 0.616962
  type: 'test'
  location: '/workspace/scratch/231fca57c2a8/review-code1-original-gz7_x9gt/auth-lab-main/tests/reviewer-code1-regression.test.mjs:88:98'
  failureType: 'testCodeFailure'
  error: |-
    Structured fixtures require a context-aware constructor
    + actual - expected
    
    + 'undefined'
    - 'function'
    
  code: 'ERR_ASSERTION'
  name: 'AssertionError'
  expected: 'function'
  actual: 'undefined'
  operator: 'strictEqual'
  stack: |-
    TestContext.<anonymous> (file:///workspace/scratch/231fca57c2a8/review-code1-original-gz7_x9gt/auth-lab-main/tests/reviewer-code1-regression.test.mjs:90:10)
    Test.runInAsyncScope (node:async_hooks:227:14)
    Test.run (node:internal/test_runner/test:1382:25)
    Test.processPendingSubtests (node:internal/test_runner/test:960:18)
    Test.postRun (node:internal/test_runner/test:1522:19)
    Test.run (node:internal/test_runner/test:1447:12)
    async Test.processPendingSubtests (node:internal/test_runner/test:960:7)
  ...
# Subtest: F03: lab-ad-fast-tgs-success rebuilds realm-dependent request/reply/cache fields as a fresh consistent fixture
not ok 5 - F03: lab-ad-fast-tgs-success rebuilds realm-dependent request/reply/cache fields as a fresh consistent fixture
  ---
  duration_ms: 0.496303
  type: 'test'
  location: '/workspace/scratch/231fca57c2a8/review-code1-original-gz7_x9gt/auth-lab-main/tests/reviewer-code1-regression.test.mjs:88:98'
  failureType: 'testCodeFailure'
  error: |-
    Structured fixtures require a context-aware constructor
    + actual - expected
    
    + 'undefined'
    - 'function'
    
  code: 'ERR_ASSERTION'
  name: 'AssertionError'
  expected: 'function'
  actual: 'undefined'
  operator: 'strictEqual'
  stack: |-
    TestContext.<anonymous> (file:///workspace/scratch/231fca57c2a8/review-code1-original-gz7_x9gt/auth-lab-main/tests/reviewer-code1-regression.test.mjs:90:10)
    Test.runInAsyncScope (node:async_hooks:227:14)
    Test.run (node:internal/test_runner/test:1382:25)
    Test.processPendingSubtests (node:internal/test_runner/test:960:18)
    Test.postRun (node:internal/test_runner/test:1522:19)
    Test.run (node:internal/test_runner/test:1447:12)
    async Test.processPendingSubtests (node:internal/test_runner/test:960:7)
  ...
# Subtest: F04: missing implicit FAST subkey stops at its constructing owner without pretending the KDC received FAST
not ok 6 - F04: missing implicit FAST subkey stops at its constructing owner without pretending the KDC received FAST
  ---
  duration_ms: 0.703249
  type: 'test'
  location: '/workspace/scratch/231fca57c2a8/review-code1-original-gz7_x9gt/auth-lab-main/tests/reviewer-code1-regression.test.mjs:115:1'
  failureType: 'testCodeFailure'
  error: |-
    Expected values to be strictly equal:
    + actual - expected
    
    + 'cryptoTgs'
    - 'cryptoClient'
             ^
    
  code: 'ERR_ASSERTION'
  name: 'AssertionError'
  expected: 'cryptoClient'
  actual: 'cryptoTgs'
  operator: 'strictEqual'
  stack: |-
    TestContext.<anonymous> (file:///workspace/scratch/231fca57c2a8/review-code1-original-gz7_x9gt/auth-lab-main/tests/reviewer-code1-regression.test.mjs:118:10)
    Test.runInAsyncScope (node:async_hooks:227:14)
    Test.run (node:internal/test_runner/test:1382:25)
    Test.processPendingSubtests (node:internal/test_runner/test:960:18)
    Test.postRun (node:internal/test_runner/test:1522:19)
    Test.run (node:internal/test_runner/test:1447:12)
    async Test.processPendingSubtests (node:internal/test_runner/test:960:7)
  ...
# Subtest: F05: lab-ad-fast-as-checksum carries and checks a protected PA-FX-ERROR lineage before client failure knowledge
not ok 7 - F05: lab-ad-fast-as-checksum carries and checks a protected PA-FX-ERROR lineage before client failure knowledge
  ---
  duration_ms: 0.272923
  type: 'test'
  location: '/workspace/scratch/231fca57c2a8/review-code1-original-gz7_x9gt/auth-lab-main/tests/reviewer-code1-regression.test.mjs:128:75'
  failureType: 'testCodeFailure'
  error: 'lab-ad-fast-as-checksum contains decode-error'
  code: 'ERR_ASSERTION'
  name: 'AssertionError'
  expected: true
  operator: '=='
  stack: |-
    stage (file:///workspace/scratch/231fca57c2a8/review-code1-original-gz7_x9gt/auth-lab-main/tests/reviewer-code1-regression.test.mjs:25:10)
    TestContext.<anonymous> (file:///workspace/scratch/231fca57c2a8/review-code1-original-gz7_x9gt/auth-lab-main/tests/reviewer-code1-regression.test.mjs:130:58)
    Test.runInAsyncScope (node:async_hooks:227:14)
    Test.run (node:internal/test_runner/test:1382:25)
    Test.processPendingSubtests (node:internal/test_runner/test:960:18)
    Test.postRun (node:internal/test_runner/test:1522:19)
    Test.run (node:internal/test_runner/test:1447:12)
    async Test.processPendingSubtests (node:internal/test_runner/test:960:7)
  ...
# Subtest: F05: lab-ad-fast-as-challenge carries and checks a protected PA-FX-ERROR lineage before client failure knowledge
not ok 8 - F05: lab-ad-fast-as-challenge carries and checks a protected PA-FX-ERROR lineage before client failure knowledge
  ---
  duration_ms: 0.173586
  type: 'test'
  location: '/workspace/scratch/231fca57c2a8/review-code1-original-gz7_x9gt/auth-lab-main/tests/reviewer-code1-regression.test.mjs:128:75'
  failureType: 'testCodeFailure'
  error: 'lab-ad-fast-as-challenge contains decode-error'
  code: 'ERR_ASSERTION'
  name: 'AssertionError'
  expected: true
  operator: '=='
  stack: |-
    stage (file:///workspace/scratch/231fca57c2a8/review-code1-original-gz7_x9gt/auth-lab-main/tests/reviewer-code1-regression.test.mjs:25:10)
    TestContext.<anonymous> (file:///workspace/scratch/231fca57c2a8/review-code1-original-gz7_x9gt/auth-lab-main/tests/reviewer-code1-regression.test.mjs:130:58)
    Test.runInAsyncScope (node:async_hooks:227:14)
    Test.run (node:internal/test_runner/test:1382:25)
    Test.processPendingSubtests (node:internal/test_runner/test:960:18)
    Test.postRun (node:internal/test_runner/test:1522:19)
    Test.run (node:internal/test_runner/test:1447:12)
    async Test.processPendingSubtests (node:internal/test_runner/test:960:7)
  ...
# Subtest: F06: PA-ENCRYPTED-CHALLENGE teaching requires strengthening and distinct key roles before accepting a ticket
not ok 9 - F06: PA-ENCRYPTED-CHALLENGE teaching requires strengthening and distinct key roles before accepting a ticket
  ---
  duration_ms: 5.942507
  type: 'test'
  location: '/workspace/scratch/231fca57c2a8/review-code1-original-gz7_x9gt/auth-lab-main/tests/reviewer-code1-regression.test.mjs:150:1'
  failureType: 'testCodeFailure'
  error: |-
    The expression evaluated to a falsy value:
    
      assert.ok(/required/i.test(definition.purpose))
    
  code: 'ERR_ASSERTION'
  name: 'AssertionError'
  expected: true
  actual: false
  operator: '=='
  stack: |-
    TestContext.<anonymous> (file:///workspace/scratch/231fca57c2a8/review-code1-original-gz7_x9gt/auth-lab-main/tests/reviewer-code1-regression.test.mjs:153:10)
    Test.runInAsyncScope (node:async_hooks:227:14)
    Test.run (node:internal/test_runner/test:1382:25)
    Test.processPendingSubtests (node:internal/test_runner/test:960:18)
    Test.postRun (node:internal/test_runner/test:1522:19)
    Test.run (node:internal/test_runner/test:1447:12)
    async Test.processPendingSubtests (node:internal/test_runner/test:960:7)
  ...
# Subtest: F07: expiry denial follows the server-clock endtime+skew boundary with a fresh proof and the same cached ticket
not ok 10 - F07: expiry denial follows the server-clock endtime+skew boundary with a fresh proof and the same cached ticket
  ---
  duration_ms: 0.707045
  type: 'test'
  location: '/workspace/scratch/231fca57c2a8/review-code1-original-gz7_x9gt/auth-lab-main/tests/reviewer-code1-regression.test.mjs:164:1'
  failureType: 'testCodeFailure'
  error: 'Server time is past expiry plus accepted skew'
  code: 'ERR_ASSERTION'
  name: 'AssertionError'
  expected: true
  actual: false
  operator: '=='
  stack: |-
    TestContext.<anonymous> (file:///workspace/scratch/231fca57c2a8/review-code1-original-gz7_x9gt/auth-lab-main/tests/reviewer-code1-regression.test.mjs:169:10)
    Test.runInAsyncScope (node:async_hooks:227:14)
    Test.run (node:internal/test_runner/test:1382:25)
    Test.processPendingSubtests (node:internal/test_runner/test:960:18)
    Test.postRun (node:internal/test_runner/test:1522:19)
    Test.run (node:internal/test_runner/test:1447:12)
    async Test.processPendingSubtests (node:internal/test_runner/test:960:7)
  ...
# Subtest: F08: missing acceptor key version uses BADKEYVER and preserves the correctly issued cached service ticket
not ok 11 - F08: missing acceptor key version uses BADKEYVER and preserves the correctly issued cached service ticket
  ---
  duration_ms: 0.713033
  type: 'test'
  location: '/workspace/scratch/231fca57c2a8/review-code1-original-gz7_x9gt/auth-lab-main/tests/reviewer-code1-regression.test.mjs:180:1'
  failureType: 'testCodeFailure'
  error: |-
    The input did not match the regular expression /BADKEYVER/. Input:
    
    'KRB_AP_ERR_MODIFIED (41; selected RFC integrity-failure reference)'
    
  code: 'ERR_ASSERTION'
  name: 'AssertionError'
  expected:
  actual: 'KRB_AP_ERR_MODIFIED (41; selected RFC integrity-failure reference)'
  operator: 'match'
  stack: |-
    TestContext.<anonymous> (file:///workspace/scratch/231fca57c2a8/review-code1-original-gz7_x9gt/auth-lab-main/tests/reviewer-code1-regression.test.mjs:188:10)
    Test.runInAsyncScope (node:async_hooks:227:14)
    Test.run (node:internal/test_runner/test:1382:25)
    Test.processPendingSubtests (node:internal/test_runner/test:960:18)
    Test.postRun (node:internal/test_runner/test:1522:19)
    Test.run (node:internal/test_runner/test:1447:12)
    async Test.processPendingSubtests (node:internal/test_runner/test:960:7)
  ...
# Subtest: F09: forest boundary classification follows explicit membership in both directions and keeps child hops local
not ok 12 - F09: forest boundary classification follows explicit membership in both directions and keeps child hops local
  ---
  duration_ms: 0.289527
  type: 'test'
  location: '/workspace/scratch/231fca57c2a8/review-code1-original-gz7_x9gt/auth-lab-main/tests/reviewer-code1-regression.test.mjs:198:1'
  failureType: 'testCodeFailure'
  error: "Cannot read properties of undefined (reading 'forestBoundary')"
  code: 'ERR_TEST_FAILURE'
  name: 'TypeError'
  stack: |-
    TestContext.<anonymous> (file:///workspace/scratch/231fca57c2a8/review-code1-original-gz7_x9gt/auth-lab-main/tests/reviewer-code1-regression.test.mjs:202:37)
    Test.runInAsyncScope (node:async_hooks:227:14)
    Test.run (node:internal/test_runner/test:1382:25)
    Test.processPendingSubtests (node:internal/test_runner/test:960:18)
    Test.postRun (node:internal/test_runner/test:1522:19)
    Test.run (node:internal/test_runner/test:1447:12)
    async Test.processPendingSubtests (node:internal/test_runner/test:960:7)
  ...
# Subtest: F10: every successful bridge has Bearer token_type and correctly nested required ID-token claims
not ok 13 - F10: every successful bridge has Bearer token_type and correctly nested required ID-token claims
  ---
  duration_ms: 1.994175
  type: 'test'
  location: '/workspace/scratch/231fca57c2a8/review-code1-original-gz7_x9gt/auth-lab-main/tests/reviewer-code1-regression.test.mjs:216:1'
  failureType: 'testCodeFailure'
  error: 'lab-kc-kerberos-sso: token_type'
  code: 'ERR_ASSERTION'
  name: 'AssertionError'
  expected: true
  actual: false
  operator: '=='
  stack: |-
    TestContext.<anonymous> (file:///workspace/scratch/231fca57c2a8/review-code1-original-gz7_x9gt/auth-lab-main/tests/reviewer-code1-regression.test.mjs:223:110)
    Test.runInAsyncScope (node:async_hooks:227:14)
    Test.run (node:internal/test_runner/test:1382:25)
    Test.processPendingSubtests (node:internal/test_runner/test:960:18)
    Test.postRun (node:internal/test_runner/test:1522:19)
    Test.run (node:internal/test_runner/test:1447:12)
    async Test.processPendingSubtests (node:internal/test_runner/test:960:7)
  ...
# Subtest: F11: foreign callback state is checked against retained expected state without changing the received object
not ok 14 - F11: foreign callback state is checked against retained expected state without changing the received object
  ---
  duration_ms: 0.30507
  type: 'test'
  location: '/workspace/scratch/231fca57c2a8/review-code1-original-gz7_x9gt/auth-lab-main/tests/reviewer-code1-regression.test.mjs:243:1'
  failureType: 'testCodeFailure'
  error: |-
    Expected values to be strictly equal:
    + actual - expected
    
    + 'lab-ssh-cert-callback:oidc-transaction-1'
    - 'lab-ssh-cert-callback:foreign-oidc-transaction'
    
  code: 'ERR_ASSERTION'
  name: 'AssertionError'
  expected: 'lab-ssh-cert-callback:foreign-oidc-transaction'
  actual: 'lab-ssh-cert-callback:oidc-transaction-1'
  operator: 'strictEqual'
  stack: |-
    TestContext.<anonymous> (file:///workspace/scratch/231fca57c2a8/review-code1-original-gz7_x9gt/auth-lab-main/tests/reviewer-code1-regression.test.mjs:248:10)
    Test.runInAsyncScope (node:async_hooks:227:14)
    Test.run (node:internal/test_runner/test:1382:25)
    Test.processPendingSubtests (node:internal/test_runner/test:960:18)
    Test.postRun (node:internal/test_runner/test:1522:19)
    Test.run (node:internal/test_runner/test:1447:12)
    async Test.processPendingSubtests (node:internal/test_runner/test:960:7)
  ...
# Subtest: F11: wrong PKCE verifier is valid syntax and its exact received instance reaches the failed S256 comparison
not ok 15 - F11: wrong PKCE verifier is valid syntax and its exact received instance reaches the failed S256 comparison
  ---
  duration_ms: 0.309657
  type: 'test'
  location: '/workspace/scratch/231fca57c2a8/review-code1-original-gz7_x9gt/auth-lab-main/tests/reviewer-code1-regression.test.mjs:263:1'
  failureType: 'testCodeFailure'
  error: |-
    The input did not match the regular expression /^[A-Za-z0-9._~-]{43,128}$/. Input:
    
    'different-verifier'
    
  code: 'ERR_ASSERTION'
  name: 'AssertionError'
  expected:
  actual: 'different-verifier'
  operator: 'match'
  stack: |-
    TestContext.<anonymous> (file:///workspace/scratch/231fca57c2a8/review-code1-original-gz7_x9gt/auth-lab-main/tests/reviewer-code1-regression.test.mjs:267:10)
    Test.runInAsyncScope (node:async_hooks:227:14)
    Test.run (node:internal/test_runner/test:1382:25)
    Test.processPendingSubtests (node:internal/test_runner/test:960:18)
    Test.postRun (node:internal/test_runner/test:1522:19)
    Test.run (node:internal/test_runner/test:1447:12)
    async Test.processPendingSubtests (node:internal/test_runner/test:960:7)
  ...
# Subtest: F12: root account denial signs the actual root request while the independent certificate principal stays alice
not ok 16 - F12: root account denial signs the actual root request while the independent certificate principal stays alice
  ---
  duration_ms: 0.265723
  type: 'test'
  location: '/workspace/scratch/231fca57c2a8/review-code1-original-gz7_x9gt/auth-lab-main/tests/reviewer-code1-regression.test.mjs:282:1'
  failureType: 'testCodeFailure'
  error: |-
    The input did not match the regular expression /string\(root\)/. Input:
    
    'string(session identifier) || byte(50) || string(alice) || string(ssh-connection) || string(publickey) || TRUE || algorithm || certificate blob'
    
  code: 'ERR_ASSERTION'
  name: 'AssertionError'
  expected:
  actual: 'string(session identifier) || byte(50) || string(alice) || string(ssh-connection) || string(publickey) || TRUE || algorithm || certificate blob'
  operator: 'match'
  stack: |-
    TestContext.<anonymous> (file:///workspace/scratch/231fca57c2a8/review-code1-original-gz7_x9gt/auth-lab-main/tests/reviewer-code1-regression.test.mjs:288:10)
    Test.runInAsyncScope (node:async_hooks:227:14)
    Test.run (node:internal/test_runner/test:1382:25)
    Test.processPendingSubtests (node:internal/test_runner/test:960:18)
    Test.postRun (node:internal/test_runner/test:1522:19)
    Test.run (node:internal/test_runner/test:1447:12)
    async Test.processPendingSubtests (node:internal/test_runner/test:960:7)
  ...
# Subtest: F13: a second channel uses a new object and sender number on the existing authenticated connection
not ok 17 - F13: a second channel uses a new object and sender number on the existing authenticated connection
  ---
  duration_ms: 0.339681
  type: 'test'
  location: '/workspace/scratch/231fca57c2a8/review-code1-original-gz7_x9gt/auth-lab-main/tests/reviewer-code1-regression.test.mjs:301:1'
  failureType: 'testCodeFailure'
  error: |-
    Expected "actual" to be strictly unequal to:
    
    'lab-ssh-cert-lifecycle:channel-1'
  code: 'ERR_ASSERTION'
  name: 'AssertionError'
  expected: 'lab-ssh-cert-lifecycle:channel-1'
  actual: 'lab-ssh-cert-lifecycle:channel-1'
  operator: 'notStrictEqual'
  stack: |-
    TestContext.<anonymous> (file:///workspace/scratch/231fca57c2a8/review-code1-original-gz7_x9gt/auth-lab-main/tests/reviewer-code1-regression.test.mjs:306:10)
    Test.runInAsyncScope (node:async_hooks:227:14)
    Test.run (node:internal/test_runner/test:1382:25)
    Test.processPendingSubtests (node:internal/test_runner/test:960:18)
    Test.postRun (node:internal/test_runner/test:1522:19)
    Test.run (node:internal/test_runner/test:1447:12)
    async Test.processPendingSubtests (node:internal/test_runner/test:960:7)
  ...
# Subtest: F14: fresh Device responses include their own required lifetime and cannot inherit a cancelled transaction
not ok 18 - F14: fresh Device responses include their own required lifetime and cannot inherit a cancelled transaction
  ---
  duration_ms: 0.477034
  type: 'test'
  location: '/workspace/scratch/231fca57c2a8/review-code1-original-gz7_x9gt/auth-lab-main/tests/reviewer-code1-regression.test.mjs:318:1'
  failureType: 'testCodeFailure'
  error: 'lab-ssh-device-restart/restart-response: expires_in'
  code: 'ERR_ASSERTION'
  name: 'AssertionError'
  expected: true
  actual: false
  operator: '=='
  stack: |-
    TestContext.<anonymous> (file:///workspace/scratch/231fca57c2a8/review-code1-original-gz7_x9gt/auth-lab-main/tests/reviewer-code1-regression.test.mjs:323:97)
    Test.runInAsyncScope (node:async_hooks:227:14)
    Test.run (node:internal/test_runner/test:1382:25)
    Test.processPendingSubtests (node:internal/test_runner/test:960:18)
    Test.postRun (node:internal/test_runner/test:1522:19)
    Test.run (node:internal/test_runner/test:1447:12)
    async Test.processPendingSubtests (node:internal/test_runner/test:960:7)
  ...
# Subtest: F15: lab-ssh-device-cadence establishes local agent ownership before signing and network delivery
not ok 19 - F15: lab-ssh-device-cadence establishes local agent ownership before signing and network delivery
  ---
  duration_ms: 0.267645
  type: 'test'
  location: '/workspace/scratch/231fca57c2a8/review-code1-original-gz7_x9gt/auth-lab-main/tests/reviewer-code1-regression.test.mjs:338:72'
  failureType: 'testCodeFailure'
  error: 'lab-ssh-device-cadence contains userauth-input'
  code: 'ERR_ASSERTION'
  name: 'AssertionError'
  expected: true
  operator: '=='
  stack: |-
    stage (file:///workspace/scratch/231fca57c2a8/review-code1-original-gz7_x9gt/auth-lab-main/tests/reviewer-code1-regression.test.mjs:25:10)
    TestContext.<anonymous> (file:///workspace/scratch/231fca57c2a8/review-code1-original-gz7_x9gt/auth-lab-main/tests/reviewer-code1-regression.test.mjs:340:24)
    Test.runInAsyncScope (node:async_hooks:227:14)
    Test.run (node:internal/test_runner/test:1382:25)
    Test.processPendingSubtests (node:internal/test_runner/test:960:18)
    Test.postRun (node:internal/test_runner/test:1522:19)
    Test.run (node:internal/test_runner/test:1447:12)
    async Test.processPendingSubtests (node:internal/test_runner/test:960:7)
  ...
# Subtest: F15: lab-ssh-device-restart establishes local agent ownership before signing and network delivery
not ok 20 - F15: lab-ssh-device-restart establishes local agent ownership before signing and network delivery
  ---
  duration_ms: 0.129591
  type: 'test'
  location: '/workspace/scratch/231fca57c2a8/review-code1-original-gz7_x9gt/auth-lab-main/tests/reviewer-code1-regression.test.mjs:338:72'
  failureType: 'testCodeFailure'
  error: 'lab-ssh-device-restart contains userauth-input'
  code: 'ERR_ASSERTION'
  name: 'AssertionError'
  expected: true
  operator: '=='
  stack: |-
    stage (file:///workspace/scratch/231fca57c2a8/review-code1-original-gz7_x9gt/auth-lab-main/tests/reviewer-code1-regression.test.mjs:25:10)
    TestContext.<anonymous> (file:///workspace/scratch/231fca57c2a8/review-code1-original-gz7_x9gt/auth-lab-main/tests/reviewer-code1-regression.test.mjs:340:24)
    Test.runInAsyncScope (node:async_hooks:227:14)
    Test.run (node:internal/test_runner/test:1382:25)
    Test.processPendingSubtests (node:internal/test_runner/test:960:18)
    Test.postRun (node:internal/test_runner/test:1522:19)
    Test.run (node:internal/test_runner/test:1447:12)
    async Test.processPendingSubtests (node:internal/test_runner/test:960:7)
  ...
# Subtest: F16: every SSSD field declared inside keyboard instructions occurs in the exact SSH envelope for zero/one prompts
not ok 21 - F16: every SSSD field declared inside keyboard instructions occurs in the exact SSH envelope for zero/one prompts
  ---
  duration_ms: 2.494084
  type: 'test'
  location: '/workspace/scratch/231fca57c2a8/review-code1-original-gz7_x9gt/auth-lab-main/tests/reviewer-code1-regression.test.mjs:362:1'
  failureType: 'testCodeFailure'
  error: 'lab-ssh-sssd-success: verification_uri_complete is actually in the human-readable envelope'
  code: 'ERR_ASSERTION'
  name: 'AssertionError'
  expected: true
  actual: false
  operator: '=='
  stack: |-
    TestContext.<anonymous> (file:///workspace/scratch/231fca57c2a8/review-code1-original-gz7_x9gt/auth-lab-main/tests/reviewer-code1-regression.test.mjs:372:14)
    Test.runInAsyncScope (node:async_hooks:227:14)
    Test.run (node:internal/test_runner/test:1382:25)
    Test.processPendingSubtests (node:internal/test_runner/test:960:18)
    Test.postRun (node:internal/test_runner/test:1522:19)
    Test.run (node:internal/test_runner/test:1447:12)
    async Test.processPendingSubtests (node:internal/test_runner/test:960:7)
  ...
# Subtest: F17: denied account has a concrete denying host policy and exact result while certificate/key proof remain valid
not ok 22 - F17: denied account has a concrete denying host policy and exact result while certificate/key proof remain valid
  ---
  duration_ms: 0.501931
  type: 'test'
  location: '/workspace/scratch/231fca57c2a8/review-code1-original-gz7_x9gt/auth-lab-main/tests/reviewer-code1-regression.test.mjs:386:1'
  failureType: 'testCodeFailure'
  error: |-
    The input did not match the regular expression /denied/i. Input:
    
    'Existing alice account; access allowed'
    
  code: 'ERR_ASSERTION'
  name: 'AssertionError'
  expected:
  actual: 'Existing alice account; access allowed'
  operator: 'match'
  stack: |-
    TestContext.<anonymous> (file:///workspace/scratch/231fca57c2a8/review-code1-original-gz7_x9gt/auth-lab-main/tests/reviewer-code1-regression.test.mjs:389:10)
    Test.runInAsyncScope (node:async_hooks:227:14)
    Test.run (node:internal/test_runner/test:1382:25)
    Test.processPendingSubtests (node:internal/test_runner/test:960:18)
    Test.postRun (node:internal/test_runner/test:1522:19)
    Test.run (node:internal/test_runner/test:1447:12)
    async Test.processPendingSubtests (node:internal/test_runner/test:960:7)
  ...
1..22
# tests 22
# suites 0
# pass 0
# fail 22
# cancelled 0
# skipped 0
# todo 0
# duration_ms 223.914285
