TAP version 13
# Subtest: F01: selected SPNEGO integrity exchange carries distinct reciprocal MICs in causal order
ok 1 - F01: selected SPNEGO integrity exchange carries distinct reciprocal MICs in causal order
  ---
  duration_ms: 7.495318
  type: 'test'
  ...
# Subtest: F01: missing required acceptor MIC stops before initiator proof or OIDC success
ok 2 - F01: missing required acceptor MIC stops before initiator proof or OIDC success
  ---
  duration_ms: 18.263974
  type: 'test'
  ...
# Subtest: F01: invalid required acceptor MIC stops before initiator proof or OIDC success
ok 3 - F01: invalid required acceptor MIC stops before initiator proof or OIDC success
  ---
  duration_ms: 10.275397
  type: 'test'
  ...
# Subtest: F02: ticket identity preserves independent clear sname/realm values in every affected source and focused view
ok 4 - F02: ticket identity preserves independent clear sname/realm values in every affected source and focused view
  ---
  duration_ms: 106.609248
  type: 'test'
  ...
# Subtest: F02: lab-ad-first-sign-in keeps new ticket headers consistent with the applied request and credential target
ok 5 - F02: lab-ad-first-sign-in keeps new ticket headers consistent with the applied request and credential target
  ---
  duration_ms: 8.801599
  type: 'test'
  ...
# Subtest: F02: lab-kc-kerberos-sso keeps new ticket headers consistent with the applied request and credential target
ok 6 - F02: lab-kc-kerberos-sso keeps new ticket headers consistent with the applied request and credential target
  ---
  duration_ms: 4.533431
  type: 'test'
  ...
# Subtest: F03: lab-ad-pkinit-success rebuilds realm-dependent request/reply/cache fields as a fresh consistent fixture
ok 7 - F03: lab-ad-pkinit-success rebuilds realm-dependent request/reply/cache fields as a fresh consistent fixture
  ---
  duration_ms: 3.445632
  type: 'test'
  ...
# Subtest: F03: lab-ad-pkinit-binding rebuilds realm-dependent request/reply/cache fields as a fresh consistent fixture
ok 8 - F03: lab-ad-pkinit-binding rebuilds realm-dependent request/reply/cache fields as a fresh consistent fixture
  ---
  duration_ms: 1.099105
  type: 'test'
  ...
# Subtest: F03: lab-ad-pkinit-trust rebuilds realm-dependent request/reply/cache fields as a fresh consistent fixture
ok 9 - F03: lab-ad-pkinit-trust rebuilds realm-dependent request/reply/cache fields as a fresh consistent fixture
  ---
  duration_ms: 1.160075
  type: 'test'
  ...
# Subtest: F03: lab-ad-pkinit-kdc-trust rebuilds realm-dependent request/reply/cache fields as a fresh consistent fixture
ok 10 - F03: lab-ad-pkinit-kdc-trust rebuilds realm-dependent request/reply/cache fields as a fresh consistent fixture
  ---
  duration_ms: 1.688215
  type: 'test'
  ...
# Subtest: F03: lab-ad-fast-as-success rebuilds realm-dependent request/reply/cache fields as a fresh consistent fixture
ok 11 - F03: lab-ad-fast-as-success rebuilds realm-dependent request/reply/cache fields as a fresh consistent fixture
  ---
  duration_ms: 2.527085
  type: 'test'
  ...
# Subtest: F03: lab-ad-fast-as-bootstrap rebuilds realm-dependent request/reply/cache fields as a fresh consistent fixture
ok 12 - F03: lab-ad-fast-as-bootstrap rebuilds realm-dependent request/reply/cache fields as a fresh consistent fixture
  ---
  duration_ms: 0.698002
  type: 'test'
  ...
# Subtest: F03: lab-ad-fast-as-required-armor rebuilds realm-dependent request/reply/cache fields as a fresh consistent fixture
ok 13 - F03: lab-ad-fast-as-required-armor rebuilds realm-dependent request/reply/cache fields as a fresh consistent fixture
  ---
  duration_ms: 0.864247
  type: 'test'
  ...
# Subtest: F03: lab-ad-fast-as-unsupported-dc rebuilds realm-dependent request/reply/cache fields as a fresh consistent fixture
ok 14 - F03: lab-ad-fast-as-unsupported-dc rebuilds realm-dependent request/reply/cache fields as a fresh consistent fixture
  ---
  duration_ms: 0.288536
  type: 'test'
  ...
# Subtest: F03: lab-ad-fast-as-optional-fallback rebuilds realm-dependent request/reply/cache fields as a fresh consistent fixture
ok 15 - F03: lab-ad-fast-as-optional-fallback rebuilds realm-dependent request/reply/cache fields as a fresh consistent fixture
  ---
  duration_ms: 0.587208
  type: 'test'
  ...
# Subtest: F03: lab-ad-fast-as-checksum rebuilds realm-dependent request/reply/cache fields as a fresh consistent fixture
ok 16 - F03: lab-ad-fast-as-checksum rebuilds realm-dependent request/reply/cache fields as a fresh consistent fixture
  ---
  duration_ms: 1.886649
  type: 'test'
  ...
# Subtest: F03: lab-ad-fast-as-challenge rebuilds realm-dependent request/reply/cache fields as a fresh consistent fixture
ok 17 - F03: lab-ad-fast-as-challenge rebuilds realm-dependent request/reply/cache fields as a fresh consistent fixture
  ---
  duration_ms: 1.893528
  type: 'test'
  ...
# Subtest: F03: lab-ad-fast-as-missing-response rebuilds realm-dependent request/reply/cache fields as a fresh consistent fixture
ok 18 - F03: lab-ad-fast-as-missing-response rebuilds realm-dependent request/reply/cache fields as a fresh consistent fixture
  ---
  duration_ms: 1.805408
  type: 'test'
  ...
# Subtest: F03: lab-ad-fast-as-response-nonce rebuilds realm-dependent request/reply/cache fields as a fresh consistent fixture
ok 19 - F03: lab-ad-fast-as-response-nonce rebuilds realm-dependent request/reply/cache fields as a fresh consistent fixture
  ---
  duration_ms: 1.866859
  type: 'test'
  ...
# Subtest: F03: lab-ad-fast-as-ticket-binding rebuilds realm-dependent request/reply/cache fields as a fresh consistent fixture
ok 20 - F03: lab-ad-fast-as-ticket-binding rebuilds realm-dependent request/reply/cache fields as a fresh consistent fixture
  ---
  duration_ms: 2.021909
  type: 'test'
  ...
# Subtest: F03: lab-ad-fast-tgs-success rebuilds realm-dependent request/reply/cache fields as a fresh consistent fixture
ok 21 - F03: lab-ad-fast-tgs-success rebuilds realm-dependent request/reply/cache fields as a fresh consistent fixture
  ---
  duration_ms: 1.490092
  type: 'test'
  ...
# Subtest: F03: lab-ad-fast-tgs-missing-subkey rebuilds realm-dependent request/reply/cache fields as a fresh consistent fixture
ok 22 - F03: lab-ad-fast-tgs-missing-subkey rebuilds realm-dependent request/reply/cache fields as a fresh consistent fixture
  ---
  duration_ms: 0.625314
  type: 'test'
  ...
# Subtest: F03: lab-ad-fast-tgs-missing-strengthen rebuilds realm-dependent request/reply/cache fields as a fresh consistent fixture
ok 23 - F03: lab-ad-fast-tgs-missing-strengthen rebuilds realm-dependent request/reply/cache fields as a fresh consistent fixture
  ---
  duration_ms: 1.369034
  type: 'test'
  ...
# Subtest: F04: missing implicit FAST subkey stops at its constructing owner without pretending the KDC received FAST
ok 24 - F04: missing implicit FAST subkey stops at its constructing owner without pretending the KDC received FAST
  ---
  duration_ms: 0.687056
  type: 'test'
  ...
# Subtest: F05: lab-ad-fast-as-checksum carries and checks a protected PA-FX-ERROR lineage before client failure knowledge
ok 25 - F05: lab-ad-fast-as-checksum carries and checks a protected PA-FX-ERROR lineage before client failure knowledge
  ---
  duration_ms: 0.643471
  type: 'test'
  ...
# Subtest: F05: lab-ad-fast-as-challenge carries and checks a protected PA-FX-ERROR lineage before client failure knowledge
ok 26 - F05: lab-ad-fast-as-challenge carries and checks a protected PA-FX-ERROR lineage before client failure knowledge
  ---
  duration_ms: 0.350088
  type: 'test'
  ...
# Subtest: F06: PA-ENCRYPTED-CHALLENGE teaching requires strengthening and distinct key roles before accepting a ticket
ok 27 - F06: PA-ENCRYPTED-CHALLENGE teaching requires strengthening and distinct key roles before accepting a ticket
  ---
  duration_ms: 0.252744
  type: 'test'
  ...
# Subtest: F07: expiry denial follows the server-clock endtime+skew boundary with a fresh proof and the same cached ticket
ok 28 - F07: expiry denial follows the server-clock endtime+skew boundary with a fresh proof and the same cached ticket
  ---
  duration_ms: 0.38554
  type: 'test'
  ...
# Subtest: F08: missing acceptor key version uses BADKEYVER and preserves the correctly issued cached service ticket
ok 29 - F08: missing acceptor key version uses BADKEYVER and preserves the correctly issued cached service ticket
  ---
  duration_ms: 0.55445
  type: 'test'
  ...
# Subtest: F09: forest boundary classification follows explicit membership in both directions and keeps child hops local
ok 30 - F09: forest boundary classification follows explicit membership in both directions and keeps child hops local
  ---
  duration_ms: 0.25711
  type: 'test'
  ...
# Subtest: F10: every successful bridge has Bearer token_type and correctly nested required ID-token claims
ok 31 - F10: every successful bridge has Bearer token_type and correctly nested required ID-token claims
  ---
  duration_ms: 12.501347
  type: 'test'
  ...
# Subtest: F11: foreign callback state is checked against retained expected state without changing the received object
ok 32 - F11: foreign callback state is checked against retained expected state without changing the received object
  ---
  duration_ms: 0.645654
  type: 'test'
  ...
# Subtest: F11: wrong PKCE verifier is valid syntax and its exact received instance reaches the failed S256 comparison
ok 33 - F11: wrong PKCE verifier is valid syntax and its exact received instance reaches the failed S256 comparison
  ---
  duration_ms: 0.711622
  type: 'test'
  ...
# Subtest: F11: lab-ssh-cert-callback never repairs the foreign input while traversing complete source prefixes
ok 34 - F11: lab-ssh-cert-callback never repairs the foreign input while traversing complete source prefixes
  ---
  duration_ms: 3.019203
  type: 'test'
  ...
# Subtest: F11: lab-ssh-cert-pkce never repairs the foreign input while traversing complete source prefixes
ok 35 - F11: lab-ssh-cert-pkce never repairs the foreign input while traversing complete source prefixes
  ---
  duration_ms: 3.462077
  type: 'test'
  ...
# Subtest: F12: root account denial signs the actual root request while the independent certificate principal stays alice
ok 36 - F12: root account denial signs the actual root request while the independent certificate principal stays alice
  ---
  duration_ms: 0.458778
  type: 'test'
  ...
# Subtest: F13: a second channel uses a new object and sender number on the existing authenticated connection
ok 37 - F13: a second channel uses a new object and sender number on the existing authenticated connection
  ---
  duration_ms: 0.7235
  type: 'test'
  ...
# Subtest: F14: fresh Device responses include their own required lifetime and cannot inherit a cancelled transaction
ok 38 - F14: fresh Device responses include their own required lifetime and cannot inherit a cancelled transaction
  ---
  duration_ms: 0.814294
  type: 'test'
  ...
# Subtest: F15: lab-ssh-device-cadence establishes local agent ownership before signing and network delivery
ok 39 - F15: lab-ssh-device-cadence establishes local agent ownership before signing and network delivery
  ---
  duration_ms: 1.96279
  type: 'test'
  ...
# Subtest: F15: lab-ssh-device-restart establishes local agent ownership before signing and network delivery
ok 40 - F15: lab-ssh-device-restart establishes local agent ownership before signing and network delivery
  ---
  duration_ms: 1.562238
  type: 'test'
  ...
# Subtest: F16: every SSSD field declared inside keyboard instructions occurs in the exact SSH envelope for zero/one prompts
ok 41 - F16: every SSSD field declared inside keyboard instructions occurs in the exact SSH envelope for zero/one prompts
  ---
  duration_ms: 2.575076
  type: 'test'
  ...
# Subtest: F17: denied account has a concrete denying host policy and exact result while certificate/key proof remain valid
ok 42 - F17: denied account has a concrete denying host policy and exact result while certificate/key proof remain valid
  ---
  duration_ms: 0.551786
  type: 'test'
  ...
1..42
# tests 42
# suites 0
# pass 42
# fail 0
# cancelled 0
# skipped 0
# todo 0
# duration_ms 419.02769
