{
  "scope": "Read-only independent source constructor + actual Apply handler probes. Deterministic DOM harness only; no emitted bundle, native browser, real cryptography, or interoperability acceptance.",
  "sourceHashes": {
    "src/kerberos-context.js": "a602c9e4a62f05b7b3ed178c64882cb396a957069fd99841341d2bd38edccad2",
    "src/kerberos-ad-lab.js": "675f2c07d1dd7a017bbc00da93e86046a94705f5878ad7c9f0c63872499e19b2",
    "src/kerberos-crypto-lab.js": "f97d3298c3aa9d6f1bc4c346e7a5bf8696cc71f61167bfbf6f5d11ba929e7dd3",
    "src/runtime-environment.js": "9e47b7beae0e04a850b51c9aaed8e4607265981aa7bf6bf922d4a2ae1b09c596",
    "src/scenario-context.js": "cb362493e8cf27e34ac95e485c0e3d811dd6b5857e3b8c2be5012d8816756507",
    "src/app.js": "35ada740a8a2caf66deca7be50bbb53ccb3fb40c3a173a76fbcbff66156cab4c"
  },
  "scriptHash": "cf29293d9fa65d16dfc7573ec39dca8b840943dfd72b407196d1a7e6eef066f2",
  "cases": [
    {
      "id": "lab-ad-first-sign-in",
      "passed": true,
      "acceptedPlainAndMatchingQualifier": true,
      "rejectedLengths": [
        255,
        2048
      ],
      "acceptedRealmLength": 254,
      "conflictingQualifierRejected": true,
      "constructorFailureBeforeCommit": true,
      "correctedWithoutReset": true,
      "resetAndBasePreserved": true
    },
    {
      "id": "lab-kc-kerberos-sso",
      "passed": true,
      "acceptedPlainAndMatchingQualifier": true,
      "rejectedLengths": [
        255,
        2048
      ],
      "acceptedRealmLength": 254,
      "conflictingQualifierRejected": true,
      "constructorFailureBeforeCommit": true,
      "correctedWithoutReset": true,
      "resetAndBasePreserved": true
    },
    {
      "id": "lab-ad-pkinit-success",
      "passed": true,
      "acceptedPlainAndMatchingQualifier": true,
      "rejectedLengths": [
        255,
        2048
      ],
      "acceptedRealmLength": 254,
      "conflictingQualifierRejected": true,
      "constructorFailureBeforeCommit": true,
      "correctedWithoutReset": true,
      "resetAndBasePreserved": true
    },
    {
      "id": "lab-ad-fast-tgs-success",
      "passed": true,
      "acceptedPlainAndMatchingQualifier": true,
      "rejectedLengths": [
        255,
        2048
      ],
      "acceptedRealmLength": 254,
      "conflictingQualifierRejected": true,
      "constructorFailureBeforeCommit": true,
      "correctedWithoutReset": true,
      "resetAndBasePreserved": true
    }
  ],
  "projectionCases": [],
  "passed": false,
  "error": "AssertionError [ERR_ASSERTION]: Expected values to be strictly deep-equal:\n\n{} !== undefined\n\n    at file:///workspace/scratch/231fca57c2a8/code3-peer-probes/handler-and-projection.mjs:59:119",
  "caseCount": 4,
  "projectionCaseCount": 0
}
