✔ the grant selector activates distinct single-realm models and retains the optional overlay preference (16303.617741ms)
✔ service-account UI distinguishes application authentication from human MFA and traces the correct registered client (7227.921826ms)
✔ Device UI supports public native and confidential server clients with separate human and secret codes (18654.671968ms)
✔ CIBA UI shows its controlled authentication service without turning it into another realm or broker (9716.730804ms)
✔ Token exchange UI starts with an existing token, shows requested resource audience, and produces no new login ceremony (7195.408815ms)
✔ Device and CIBA can encrypt their app ID token without manufacturing nonce, PKCE or plaintext encrypted claims (15542.113389ms)
✔ inactive grant fields and topics offer a working switch that preserves the selected lifecycle (52375.099133ms)
✔ machine-grant study can restore an actual JWE login or PKCE lifecycle through its inactive-field helpers (29143.12636ms)
✔ CIBA participant hover explains the controlled service RP and callback instead of upstream-realm attributes (6186.229408ms)
✔ machine-grant inactive factor helpers restore a compatible human factor and CTAP selects YubiKey (49755.883053ms)
✔ shared service-account topic fields do not animate an authorization-code journey under a service-account title (5516.959773ms)
✔ unsupported ID-token protection is normalized when changing to a grant without that token or broker (15115.272509ms)
✔ each API outcome snapshots matching creation and transmission values without a generic status/error fallback (1.274073ms)
✔ focused response-field traces create and send the exact same branch values even with incorrect supplied fallback examples (14.895939ms)
✔ actual app/player packets retain the 401, 403 and 200 field values for every create/send occurrence (4205.610991ms)
✔ adjacent SPA, BFF, introspection and key-rotation status traces bind only their authored response occurrences (1.934086ms)
✔ seven learning journeys support independent native/web and Keycloak/external selections (47.04512ms)
✔ password-only requires a password but no passkey or TOTP, while OTP-only has account identification and one possession factor (0.867662ms)
✔ network web app callback is HTTPS and code redemption combines backend-only authentication with PKCE (2.690157ms)
✔ independent external OIDC provider changes issuer, endpoints, broker alias and passkey RP scope without forwarding app PKCE (0.489754ms)
✔ actors and attribute definitions reflect backend placement and external provider prerequisites (3.815159ms)
✔ the separate index stays available while participants and exchanges are inspected (6216.016188ms)
✔ attribute search finds canonical names and distinguishes matching definitions from an empty result (5480.908308ms)
✔ PKCE selection shows birth, browser commitment, code binding and local server validation without exposing the verifier (5857.793557ms)
✔ individual field clicks and actor-popup clicks open the same focused lifecycle (5152.713366ms)
✔ a connection in attribute mode replays only the selected field and unrelated connections cannot enter its queue (5376.523759ms)
✔ focused playback controls preserve the selected field and clearing focus restores the full journey (6416.766791ms)
✔ changing the journey or passkey device refreshes selected usages and cancels stale frames (7500.565168ms)
✔ actor shortcuts refresh a focused trace and keep direct FIDO2 in the application RP journey (8838.461908ms)
✔ web and independent-provider selections change callback and actor context while preserving PKCE boundaries (8650.446511ms)
✔ password-only and TOTP-only journeys identify the account and animate only their selected factor (7839.272384ms)
✔ direct FIDO2 login makes the web application the RP and offers the selected authenticator without an OIDC broker (7188.143569ms)
✔ the FIDO2 topic animates only application, browser, person and selected security-key operations (9949.359342ms)
✔ protected CTAP PIN/UV authorization stays between the client platform and roaming key (11240.204032ms)
✔ direct FIDO2 enrollment creates the private key only inside the authenticator and brokered modes restore their controls (10476.886359ms)
✔ single-realm setup makes A the factor verifier, RP and issuer while removing the broker participant (7122.695255ms)
✔ factor and enrollment attribute traces target the single Keycloak realm (22106.327933ms)
✔ client_id is configured before sign-in, then selects and binds the native client without becoming a token claim (5962.946497ms)
✔ web single-realm client_id is carried as Basic username, and direct FIDO has no OAuth client identity (8621.965814ms)
✔ every indexed attribute has a real operation in at least one journey (17.449743ms)
✔ PKCE walks creation, browser commitment, retained code binding and direct proof in order (0.404799ms)
✔ the verifier is first transmitted at the token request and never visits the browser (0.501561ms)
✔ a mere context declaration or text mention cannot create an inferred transmission (0.367504ms)
✔ WebAuthn private credential keys and realm signing keys are never transport fields (1.973978ms)
✔ browser produces client data locally and passes only its hash to the authenticator (0.410517ms)
✔ TOTP secret intentionally travels during provisioning, then stays in prover and verifier (0.670411ms)
✔ the short OTP takes the human/browser path to B without entering A or the local app (0.451848ms)
✔ records preserve source steps, valid actors and canonical attributes without modifying data (5.564825ms)
✔ explicit web-client metadata adds backend authentication and cookie handling without changing PKCE wire fields (2.087676ms)
✔ direct FIDO2 moves generation and assertion verification into the application with no OAuth proof (7.528674ms)
✔ direct registration keeps the private key in the device and stores the public key and hint in the app (4.389588ms)
✔ protected PIN token and command authentication tag remain on the local client/key side (0.713545ms)
✔ CTAP commands require an explicit roaming-key stage while Windows Hello retains its platform path (6.768856ms)
✔ required WebAuthn resident-key policy becomes Boolean CTAP MakeCredential rk and stays absent from assertion/platform paths (3.691407ms)
✔ direct flags cannot turn reused OAuth preparation steps into a PKCE or nonce operation (0.505387ms)
✔ the application client_id stays configured and binds authorization, the code and the expected token audience (0.293074ms)
✔ the native token request carries client_id in its body while a web backend carries the identifier only as Basic username (1.067869ms)
✔ explicit single-realm metadata remaps all factor types and enrollment operations to A and suppresses every broker operation (19.668724ms)
✔ an authoritative crypto ledger preserves its envelope while private keys and decrypted claims stay local (0.480981ms)
✔ an empty authoritative ledger suppresses canonical OAuth operations and leaves declared fields as context (0.333943ms)
✔ custom stages normalize the authenticator placeholder and keep omitted fields inspect-only (0.221387ms)
✔ the complete ledger export captures reference operations and context without modifying the protocol data (0.172845ms)
✔ aud index animates other-api delivery and recipient rejection without replacing it by expected orders-api (3365.472988ms)
✔ full API demo shows four independent cases in model order with separate wrong-audience and scope outcomes (2296.247099ms)
✔ branch scenarios have complete authoritative ledgers and honest supported/legacy labels (4.922165ms)
✔ the deprecated direct grant carries user password and separate client authentication without browser/PKCE (0.353894ms)
✔ implicit omits code and refresh while hybrid validates c_hash/at_hash before separate PKCE redemption (0.327745ms)
✔ consent denial is a distinct attempt with state checks and no later issuance (0.268006ms)
✔ broker linking verifies existing-account control before changing the issuer/subject mapping (0.20269ms)
✔ WebAuthn cancellation stays local and any successful fallback requires a separate verified factor (0.137854ms)
✔ recovery checks signed account/action/lifetime/one-use state before accepting a replacement password (0.254045ms)
✔ concurrent-session revocation fails refresh without promising instant offline JWT invalidation (0.179545ms)
✔ front-channel response_type stays valid on both browser hops and hybrid validates both identity results (0.589131ms)
✔ hybrid ID tokens preserve the same explicit issuer and subject across both deliveries and local checks (2.418495ms)
✔ hybrid preparation includes local S256 method selection before challenge derivation and transmission (0.197993ms)
✔ provider password and recovery hover definitions describe their actual recipient and purpose (2.199051ms)
✔ each consent attempt sends its own state before the matching provider result (0.224572ms)
✔ the concurrent-session refresh authenticates its client before the session-dependent rejection (0.598685ms)
✔ CIBA covers every configured factor method and authenticator using immutable cached authoritative models (30.083608ms)
✔ CIBA begins through the authenticated backchannel and resolves a hint without treating it as authentication (2.78059ms)
✔ CIBA controlled-service callback secrets remain backend-only and are distinct from client authentication (2.59117ms)
✔ CIBA pending polls and safe interval/backoff policy precede the final approved result (0.451537ms)
✔ CIBA device-factor verification and an explicit subject-bound authorization decision precede tokens (3.03099ms)
✔ CIBA illustrative WebAuthn and TOTP factors stay scoped to the controlled authentication service (1.453839ms)
✔ CIBA tokens expose real Poll identity claims and remain compatible with ID-token JWE adaptation (1.302766ms)
✔ CIBA index attributes have clear origins, purposes, standards and genuine animated lifecycle uses (9.608613ms)
✔ CIBA factor hover metadata describes the controlled service throughout every reused active definition (19.447466ms)
✔ R1: changing the actual authenticator selector after accepted moves cannot leave a stale timeline (9085.204218ms)
✔ R1: a focused authenticator key survives a device change and both resets on the repaired layout (9767.249483ms)
✔ moved layouts are validated when factors and application or broker protocols change (42441.15083ms)
✔ safe custom positions are preserved across factor, provider and protocol changes (16416.084184ms)
✔ each core factor and realm topology retains the actual token audience from issuance through recipient validation (79.494215ms)
✔ JWE claim extraction and both validation stages preserve per-leg audience while encrypted transport has no plaintext aud packet (23.893919ms)
✔ the actual aud index and seek player display the receiving client audience across native/web, one/two realm and external profiles (49679.838655ms)
✔ core ID-token audience snapshots do not alias token-exchange requested audience or access-token aud (3484.399637ms)
✔ source CSP precedes assets and permits only same-origin scripts/styles, with no connections or HTML handlers (2.207593ms)
✔ standalone CSP authorizes exactly the final embedded script and stylesheet; tampered content has no matching hash (18.439056ms)
✔ CRLF and CR source files produce identical standalone bytes and browser-matching hashes (172.66737ms)
✔ script hash covers the emitted closing-tag escaping, not the unescaped source (194.695786ms)
✔ builder fails closed on missing/changed/late policies or invalid asset placeholders (1443.76454ms)
✔ runtime renders positions through CSSOM and keeps hostile identifier text inert in inputs and help (3523.158799ms)
✔ core passkey participant panels identify CTAP response and browser API construction separately (8010.266633ms)
✔ core enrollment participant panels identify CTAP response and browser API construction separately (7339.871548ms)
✔ device models compose every configured factor with public/confidential clients and both authenticators without mutating references (50.54017ms)
✔ private device_code is never displayed or sent to the verification browser; user_code stays off token polls (0.92795ms)
✔ device grant has no callback, authorization code, PKCE or invented nonce even on confidential variant (0.437426ms)
✔ public identification and confidential Basic client authentication are correct on both device endpoint and each poll (0.326883ms)
✔ pending/slow_down are errors without tokens; slow_down derives local interval +5 and preserves future delay (0.411258ms)
✔ verification factors and deliberate transaction approval precede successful token issuance (0.274055ms)
✔ every device attribute has a meaningful focused lifecycle with honest local and wire operations (5.317343ms)
✔ actor and glossary overrides distinguish requesting application from independent verification device (4.294142ms)
✔ JWE adapter wraps actual device ID token while preserving real device claims and no invented nonce (5.934395ms)
✔ DOM harness parses nested markup, bubbles events, and samples actual SVG paths (7.280613ms)
✔ configured core render exposes every illustrated actor and journey step, and reconnecting is idempotent (5894.886876ms)
✔ all nine modes select their real flow, reset progress, and enable the appropriate devices (14380.924204ms)
✔ single-realm setup renders and completes every factor and enrollment journey for native and web applications (27296.212551ms)
✔ actor hover lists stored, generated, and verified attributes; fields explain meaning, origin, and purpose (10567.514755ms)
✔ field guide searches canonical names and keyboard focus opens explanations (5150.337001ms)
✔ clicking a connection replays its exchanges and named objects in the original journey order (5378.892248ms)
✔ demo controls pause, resume, change speed, complete every journey, and reset cancels frames (16751.51749ms)
✔ timeline controls replay selected steps and disconnect stops frame callbacks (4373.896483ms)
✔ message payload objects and form inputs expose their own hover definitions (7334.63004ms)
✔ the built standalone HTML has no external runtime assets and its inline bundle boots (5647.802082ms)
✔ extended grant scenarios have immutable independent models and real actor/attribute lifecycle ledgers (5.415639ms)
✔ CIBA Ping authenticates a handle-only callback before an independent authenticated token fetch (0.473239ms)
✔ CIBA Push is labelled standards-only and validates sender, request binding and exact access/refresh hashes (0.828614ms)
✔ alternate CIBA hint uses exactly one hint and a configured profile without substituting it for device authentication (0.411638ms)
✔ CIBA callback protection and all private signing keys stay with their actual backend recipients (0.547789ms)
✔ every extended CIBA success creates, delivers and interprets the required Bearer token_type (0.419339ms)
✔ the actor client-credentials result carries OAuth Bearer metadata before any token exchange (0.23705ms)
✔ Keycloak V2 ID and refresh result wrappers preserve issued types and avoid invented response members (0.326472ms)
✔ refresh-result response semantics are explicitly pinned to the documented Keycloak convention (0.286103ms)
✔ Preview delegation requires actual permission and consent before may_act, actor-token comparison and act result (0.571184ms)
✔ external-to-Keycloak chaining keeps JWT authorization and internal V2 exchange as two separate grants (0.309697ms)
✔ deprecated internal-to-external retrieval reads a stored linked token without inventing a provider token exchange (0.251661ms)
✔ direct FIDO2 exposes two web-only journeys involving the application, browser, person and selected authenticator (3.60871ms)
✔ direct login RP scope belongs to app.example.test and the backend verifies before issuing its session cookie (0.595169ms)
✔ YubiKey CTAP2 PIN authorization precedes the authenticated command and touch, and never reaches the RP (0.90725ms)
✔ direct registration starts from a verified app account and sends only public registration data (0.536913ms)
✔ transport adapter leaves platform/reference data untouched and preserves external RP scope in brokered YubiKey requests (6.943395ms)
✔ direct participant and attribute definitions describe the application RP rather than a Keycloak broker (15.214321ms)
✔ logical targets resolve a rebuilt inspector field before trying its index entry (2534.431105ms)
✔ closed dialogs and hidden index ancestors never become return targets (933.903362ms)
✔ collapsed advanced details reject descendants while their summary remains visible (0.629861ms)
✔ R2: explanation Escape after ongoing playback resolves a current inspector field (1420.396023ms)
✔ explanation Escape after its field disappears uses the visible attribute index (1381.753328ms)
✔ explanation Escape uses Play when its original field and index are unavailable (2022.045719ms)
✔ activating a rebuilt inspector field transfers focus to its current selected index entry (2373.043125ms)
✔ activating a participant-panel field moves focus out of the closed panel (1583.982312ms)
✔ activating a participant field with the index hidden falls back to its actor card (1501.450484ms)
✔ Basic startup hides advanced controls from focus targets and Custom configuration exposes them (1688.69556ms)
✔ ready-made SAML selection keeps its stable quick-preset button focused (1451.033302ms)
✔ hiding the attribute index returns focus to its visible reopen button (765.029088ms)
✔ R5: later playback rebuild retains field focus after the repaired F2 and Escape path (1639.535007ms)
✔ inspector field focus moves to its visible index entry when the next message omits it (1798.81225ms)
✔ inspector field focus falls back to Play when its message and index are unavailable (1716.704803ms)
✔ inspector playback updates never take focus away from another control (1793.20162ms)
✔ R5: selecting the DPoP catalog card restores focus to its rebuilt selected card (1284.892076ms)
✔ a removed or hidden catalog card hands focus to the scenario picker, then Play if needed (1169.277148ms)
✔ catalog refresh does not take focus from its search field or another region (618.934009ms)
✔ timeline seeking keeps focus on its range control while rebuilding the inspector (2267.810609ms)
✔ zero and slow speed controls preserve focus and explicit Play resumes without replacing its button (2124.765693ms)
✔ Generic provider keeps a protected broker definition and example across OIDC/SAML app legs and both factor boundaries (74.128382ms)
✔ compact assembly derives occurrence-bound token and JWE values before the wire independently of glossary fallbacks (6.356086ms)
✔ Generic adapter recognizes an already expanded broker JWE model without a repeated control setting (193.878938ms)
✔ corporate Generic broker JWE focused animation assembles and sends the same compact token, then recovers a local JWS (19200.992245ms)
✔ F02: every core factor uses the validated issuer’s trusted JWKS on both token hops (275.707281ms)
✔ F05: all YubiKey assertions return canonical CTAP members before browser-local WebAuthn construction (40.75908ms)
✔ F05: all YubiKey registrations separate MakeCredential output from privacy-adjusted WebAuthn attestationObject (13.011037ms)
✔ F05: ClientPIN response excludes the already negotiated pinUvAuthProtocol, which is sent only in command requests (22.587165ms)
✔ F05: Windows Hello keeps its existing platform representation and receives no CTAP response objects (4.315393ms)
✔ F05: CIBA and Device factor adapters preserve CTAP account context through browser conversion and complete hover definitions (93.221614ms)
✔ F05: active-step overlays and focused CTAP transfers show canonical members, and API construction has its own local overlay (7721.502134ms)
✔ compact companion field keeps its exact assembly value at send and structure check without changing HTTP fields or glossary syntax (69.165669ms)
✔ index-selected compact field keeps the same visible player value through assembly, send, check and reverse seek (16632.193143ms)
✔ JWE registry gives each hop RFC names, provenance, purpose and primary sources (1.65077ms)
✔ all sign-in methods and architectures apply JWE independently to real OIDC hops (113.618834ms)
✔ encrypted token wire has exactly five compact parts and no plaintext claims or secrets (1.445166ms)
✔ CEK, decryption private key and signed plaintext have only local operations in selected traces (4.006331ms)
✔ code/client/PKCE checks precede encryption and identity mapping or sessions follow authenticated decryption (1.308534ms)
✔ separate access/refresh token operations and public-native client authentication retain their boundaries (1.038585ms)
✔ only participating issuer/recipient actors gain JWE attributes; configuration cannot activate missing hops (2.878033ms)
✔ mixed SAML composition encrypts only remaining OIDC token responses (9.453479ms)
✔ real mixed SAML/OIDC adapters preserve independent encryption policies at both hops (441.80892ms)
✔ local decrypted ID-token values never add plaintext tokens to application browser responses (0.716479ms)
✔ all required baseline and assurance presets are immutable, independently valid source histories (293.953276ms)
✔ AS and TGS have distinct logical actor identities under the same AD DS parent (0.324159ms)
✔ Windows first logon obtains the workstation host credential/PAC before remote access (0.855014ms)
✔ TGT, client reply, service ticket and every key remain distinct protected objects (1.868431ms)
✔ cached presets omit only the exchanges their holdings can replace, and still make new AP proof (0.491186ms)
✔ unknown SPN is a KDC acquisition failure, with no target ticket/cache/AP request (0.576842ms)
✔ R1 stale acceptor key succeeds at issuance/cache/AP delivery and fails only at the service (0.485598ms)
✔ source reconstruction through field replay includes hidden credential creation and knowledge events (4.775967ms)
✔ skew, expiry and replay are separate service-owned boundaries; only explicit events age protocol time (0.617182ms)
✔ resource denial follows successful mutual authentication and never pretends the ticket was rejected (0.413952ms)
✔ Keycloak bridge keeps one OIDC transaction and uses local GSS with explicit SPNEGO integrity (1.451034ms)
✔ Alternative Kerberos bypass comparison is clearly primary-only and stock-disabled (0.421062ms)
✔ fresh-factor enforcement covers fresh Kerberos, password fallback and both cookie assurance starts (1.028139ms)
✔ age-bound reuse is a separate selected policy and does not claim a fresh ceremony (0.210922ms)
✔ unenrolled, failed, cancelled, unsupported and silent-interaction failures issue no code or tokens (0.772271ms)
✔ the wrong entered OTP is a different immutable object from the correctly generated OTP (0.211202ms)
✔ WebAuthn factor verifies UV and exact browser/signature context without exporting secret keys (0.523874ms)
✔ PKCE birth, transmission and verification have distinct owners and immutable commitment instances (0.359221ms)
✔ runtime bindings keep issuer, application, client audience and Kerberos target ownership explicit (0.249509ms)
✔ credential, proof and transaction references resolve to the same immutable ledger object identities (4.389336ms)
✔ all crypto fixtures have independent definitions, exact occurrences and valid frozen state at every prefix (48.358634ms)
✔ private signing/DH/challenge/reply/session keys never become KDC packets; armor support is explicitly local IPC (0.639104ms)
✔ PKINIT uses two separate nonce bindings and local fresh DH while keeping reply and ticket-session keys distinct (0.719283ms)
✔ PKINIT rejection is detected at the right actor without accepting a user credential (0.251001ms)
✔ actual holder chronology does not give the KDC a freshly created request before transmission (0.381844ms)
✔ FAST user AS separates computer credential, user challenge and locally strengthened reply (0.491056ms)
✔ computer bootstrap is permitted under enforced FAST but never authenticates Alice (0.204232ms)
✔ required FAST fails closed on prerequisites/armor while optional fallback is separately explicit (0.259604ms)
✔ bad FAST request checksum stops before KDC inner-body decode; challenge failures preserve existing credentials (0.4194ms)
✔ FAST protected response failures never cache a returned credential or invent an early client result (0.56869ms)
✔ ordinary FAST TGS omits explicit armor, binds AP-REQ and retains the same subkey as original reply key (0.303349ms)
✔ ordinary TGS rejects missing subkey or strengthener without removing the initial user TGT (0.182139ms)
✔ only scalar realm/SPN runtime fields are bound; internals preserve stable AS/TGS logical ownership (0.646376ms)
✔ required AD-06 matrix supplies 14 independent immutable reference presets and explicit actor registries (14.82748ms)
✔ each glossary definition has a meaningful authored occurrence; static keys never travel (1.072906ms)
✔ forest KDCs expose stable logical TGS actors while retaining physical DC ownership and stage positions (1.286672ms)
✔ one-way resource trust allows A to B while its independent reverse fixture fails at the declared owner (0.638864ms)
✔ two-way trust has separately playable principal directions and independent instances (0.702759ms)
✔ child-domain cross-forest path is client-driven through all four KDCs without a shortcut (0.617983ms)
✔ referrals retain original cname/crealm, per-hop issuer/target provenance and independent session keys (0.331149ms)
✔ three forests reject implied transitivity and accept only the explicit suitable C-trusts-A fixture (0.386831ms)
✔ same-forest lesson retains hierarchy and does not claim a forest-boundary trust (0.308015ms)
✔ selective authentication is checked at resource KDC before issuance and retains already cached referrals (0.43995ms)
✔ SID filtering preserves eligible identity while invalid PAC follows a distinct pre-ticket failure (0.579185ms)
✔ resource ACL denial preserves successful authentication and mutually authenticated context (0.23002ms)
✔ cached referral removes only its acquisition while cached service removes every TGS exchange (0.326112ms)
✔ authenticator identity is fresh per TGS/AP use while credential identity stays fixed through cache and presentation (0.456895ms)
✔ every TGS proof binds its exact request body and receiving KDC records independent replay protection (0.749798ms)
✔ client receives opaque ticket bytes without decoded PAC or EncTicketPart inspection (0.551575ms)
✔ KILE transit data is explained as separate from trust/PAC and final authorization checks (0.120818ms)
✔ every prefix restores credential/cache/policy/replay knowledge without future state or mutation (121.982657ms)
✔ focused replay uses the owning source event and reconstructs hidden prior referral cache (1.506727ms)
✔ attribute explanation is an accessible interactive dialog and retains focus beyond close timers (1213.075939ms)
✔ participant and nested attribute dialogs retain focus and Escape returns to the correct trigger (829.278339ms)
✔ close buttons return focus and a genuine outside focus transition dismisses help (1033.674696ms)
✔ re-hovering a participant or attribute preserves the focused dialog and nested return anchor (825.089463ms)
✔ an attribute explanation outside the participant panel does not cancel that panel dismissal (906.24733ms)
✔ leaving a participant attribute for the participant close button dismisses only its child explanation (796.145748ms)
✔ attribute and topic selection preserve focus after index regeneration (2178.524803ms)
✔ scenario combobox preserves modified platform editing keys while ordinary navigation still selects (1582.279337ms)
✔ opening a late selected scenario scrolls its active option into view (563.677264ms)
✔ native and network application layouts preserve the device and server positions (1.536579ms)
✔ every ordered actor connection, including self-actions, avoids every card in both architectures (156.140325ms)
✔ connections leave and enter each participant normal to its side, so arrows point toward the actor (3.131294ms)
✔ every protocol exchange uses clear routes for either passkey authenticator and architecture (30.070638ms)
✔ opposite directions share geometry and unknown actors fail explicitly (0.822394ms)
✔ twelve complete choices include a one-click ordinary OIDC and ordinary SAML sign-in (23.454687ms)
✔ provider selection changes only the selectable external preset and selects its broker protocol (1.020177ms)
✔ provider endpoint examples separate exact identity and transport for Entra, Okta, Cognito and SAML (20.397708ms)
✔ named base profiles reject requested or pre-expanded broker JWE and retain independent Keycloak app JWE (61.434204ms)
✔ generic broker JWE remains available and AWS application-leg copy describes the preset default (3.31787ms)
✔ branded sign-in preserves both OIDC clients and application PKCE while removing guessed credential ceremonies (24.513311ms)
✔ Entra broker uses POST body client authentication without inventing a Basic header or browser secret (2.321498ms)
✔ AWS profile keeps upstream SAML distinct from application OIDC and claims no fabricated assurance (3.301486ms)
✔ SAML application above an opaque OIDC provider does not fabricate a password authentication context (2.438401ms)
✔ generic detailed factors stay available; explicit provider boundary and irrelevant profile handling are predictable (5.308149ms)
✔ ready choices initialize ordinary login and preserve SPA/BFF model ownership (9999.261998ms)
✔ corporate preset permits attribute inspection without mutating frozen runtime projections or probing vendor enrollment (5552.213749ms)
✔ branded provider selection removes unmodeled hardware attributes and constrains its broker protocol (6113.227563ms)
✔ inspector protocol shortcuts do not apply an incompatible branded broker profile (6453.167168ms)
✔ F03: the actual event identifier and audience survive creation, transfer and recipient validation (1.261334ms)
✔ F03: focused jti and audience animations display the checked recipient event rather than a global J0 example (2.461177ms)
✔ F06: an enabled replay validation rejects the duplicate and sends HTTP 400 back to the provider (1.01468ms)
✔ F06: an authentic fresh event for an already-ended session passes validation and returns HTTP 200 (0.294325ms)
✔ all backchannel notifications have one form parameter and keep every claim inside their signed event (0.421002ms)
✔ lifecycle branch values stay continuous for offline scope, missing-session hints and unknown revocation input (0.28462ms)
✔ each lifecycle step snapshots contextual values and strips construction-only fallback markers (1.470012ms)
✔ nine lifecycle stories expose primary sources, applicable policy and precise immutable scenario data (3.592309ms)
✔ all lifecycle attributes carry canonical names and have genuine explicit operations in at least one story (12.158898ms)
✔ private keys and provider-local grant/session/policy records never become wire attributes (7.128445ms)
✔ online refresh authenticates the original client and preserves identity rather than generating a new login (0.622069ms)
✔ configured refresh rotation consumes R0, issues R1 and returns invalid_grant for the queued old-token branch (1.202558ms)
✔ offline access obtains explicit consent through code flow and keeps verifier/refresh credentials off the browser (0.486509ms)
✔ later offline refresh uses independent bounded sessions and the selected rotation response can omit id_token (0.319672ms)
✔ RFC7009 uses token/hint body fields and the same normal 200 for valid or unknown credentials (0.33853ms)
✔ RP logout uses independent state, a provider-issued hint and an exactly registered post-logout destination (0.539708ms)
✔ current-spec backchannel notification includes exp/events/sid or sub, prohibits nonce and keeps claims nested (0.563723ms)
✔ each backchannel RP gets a newly signed audience-specific event and uses an explicit optional replay cache (0.240696ms)
✔ frontchannel uses browser iframe GETs with paired iss/sid and an explicit policy-dependent storage failure (0.367363ms)
✔ prompt=none success still performs code/PKCE validation and preserves the earlier authentication time (0.362766ms)
✔ missing-session prompt=none produces only login_required/state and never a code or tokens (0.256229ms)
✔ session expiry rejects ordinary refresh while keeping access-token and offline grant semantics distinct (0.234066ms)
✔ scenario ledgers remain authoritative for focused traces rather than reviving old default realm fields (7.433847ms)
✔ F01 UI: moving before OTP focus preserves replay, playback Reset and Reset layout (7774.092072ms)
✔ F01 UI: moving during OTP playback pauses safely and both reset controls remain usable (7050.219634ms)
✔ an unavailable route rejects a non-colliding move before committing or pausing the player (4667.671436ms)
✔ lab-ad-first-sign-in: every source prefix reconstructs stable frozen state and exact objects (86.824761ms)
✔ lab-ad-cache-none: every source prefix reconstructs stable frozen state and exact objects (42.165243ms)
✔ lab-ad-cache-tgt: every source prefix reconstructs stable frozen state and exact objects (11.765216ms)
✔ lab-ad-cache-service: every source prefix reconstructs stable frozen state and exact objects (3.362826ms)
✔ lab-ad-unknown-spn: every source prefix reconstructs stable frozen state and exact objects (1.926646ms)
✔ lab-ad-stale-service-key: every source prefix reconstructs stable frozen state and exact objects (6.840052ms)
✔ lab-ad-clock-skew: every source prefix reconstructs stable frozen state and exact objects (6.477095ms)
✔ lab-ad-expired-ticket: every source prefix reconstructs stable frozen state and exact objects (2.58632ms)
✔ lab-ad-authenticator-replay: every source prefix reconstructs stable frozen state and exact objects (1.806177ms)
✔ lab-ad-access-denied: every source prefix reconstructs stable frozen state and exact objects (2.095895ms)
✔ lab-kc-kerberos-sso: every source prefix reconstructs stable frozen state and exact objects (45.106798ms)
✔ lab-kc-kerberos-alternative-otp-skip: every source prefix reconstructs stable frozen state and exact objects (62.137981ms)
✔ lab-kc-kerberos-fresh-totp: every source prefix reconstructs stable frozen state and exact objects (51.467106ms)
✔ lab-kc-password-fresh-totp: every source prefix reconstructs stable frozen state and exact objects (11.204087ms)
✔ lab-kc-low-assurance-cookie: every source prefix reconstructs stable frozen state and exact objects (18.694841ms)
✔ lab-kc-cookie-fresh-factor: every source prefix reconstructs stable frozen state and exact objects (15.534382ms)
✔ lab-kc-cookie-age-reuse: every source prefix reconstructs stable frozen state and exact objects (10.896433ms)
✔ lab-kc-cookie-age-expired: every source prefix reconstructs stable frozen state and exact objects (16.226955ms)
✔ lab-kc-factor-unenrolled: every source prefix reconstructs stable frozen state and exact objects (27.311175ms)
✔ lab-kc-factor-failed: every source prefix reconstructs stable frozen state and exact objects (25.926681ms)
✔ lab-kc-factor-cancelled: every source prefix reconstructs stable frozen state and exact objects (18.780768ms)
✔ lab-kc-unsupported-assurance: every source prefix reconstructs stable frozen state and exact objects (1.960075ms)
✔ lab-kc-prompt-none-factor-required: every source prefix reconstructs stable frozen state and exact objects (2.255982ms)
✔ lab-kc-kerberos-fresh-webauthn: every source prefix reconstructs stable frozen state and exact objects (35.389156ms)
✔ lab-kc-webauthn-uv-policy-fail: every source prefix reconstructs stable frozen state and exact objects (29.023855ms)
✔ lab-ad-pkinit-success: every source prefix reconstructs stable frozen state and exact objects (20.297843ms)
✔ lab-ad-pkinit-binding: every source prefix reconstructs stable frozen state and exact objects (4.113926ms)
✔ lab-ad-pkinit-trust: every source prefix reconstructs stable frozen state and exact objects (4.331327ms)
✔ lab-ad-pkinit-kdc-trust: every source prefix reconstructs stable frozen state and exact objects (7.289866ms)
✔ lab-ad-fast-as-success: every source prefix reconstructs stable frozen state and exact objects (13.087639ms)
✔ lab-ad-fast-as-bootstrap: every source prefix reconstructs stable frozen state and exact objects (1.54997ms)
✔ lab-ad-fast-as-required-armor: every source prefix reconstructs stable frozen state and exact objects (0.868663ms)
✔ lab-ad-fast-as-unsupported-dc: every source prefix reconstructs stable frozen state and exact objects (0.41292ms)
✔ lab-ad-fast-as-optional-fallback: every source prefix reconstructs stable frozen state and exact objects (1.083871ms)
✔ lab-ad-fast-as-checksum: every source prefix reconstructs stable frozen state and exact objects (6.126398ms)
✔ lab-ad-fast-as-challenge: every source prefix reconstructs stable frozen state and exact objects (7.590831ms)
✔ lab-ad-fast-as-missing-response: every source prefix reconstructs stable frozen state and exact objects (10.470754ms)
✔ lab-ad-fast-as-response-nonce: every source prefix reconstructs stable frozen state and exact objects (14.713385ms)
✔ lab-ad-fast-as-ticket-binding: every source prefix reconstructs stable frozen state and exact objects (11.79504ms)
✔ lab-ad-fast-tgs-success: every source prefix reconstructs stable frozen state and exact objects (8.750523ms)
✔ lab-ad-fast-tgs-missing-subkey: every source prefix reconstructs stable frozen state and exact objects (1.283065ms)
✔ lab-ad-fast-tgs-missing-strengthen: every source prefix reconstructs stable frozen state and exact objects (6.66936ms)
✔ lab-ad-forest-one-way: every source prefix reconstructs stable frozen state and exact objects (32.986687ms)
✔ lab-ad-forest-one-way-reverse: every source prefix reconstructs stable frozen state and exact objects (4.92887ms)
✔ lab-ad-forest-two-way-a-b: every source prefix reconstructs stable frozen state and exact objects (36.249527ms)
✔ lab-ad-forest-two-way-b-a: every source prefix reconstructs stable frozen state and exact objects (16.849295ms)
✔ lab-ad-forest-child-domains: every source prefix reconstructs stable frozen state and exact objects (51.548051ms)
✔ lab-ad-forest-three-denied: every source prefix reconstructs stable frozen state and exact objects (2.967332ms)
✔ lab-ad-forest-three-direct: every source prefix reconstructs stable frozen state and exact objects (23.004755ms)
✔ lab-ad-forest-same-forest: every source prefix reconstructs stable frozen state and exact objects (19.655499ms)
✔ lab-ad-forest-selective-denied: every source prefix reconstructs stable frozen state and exact objects (10.4875ms)
✔ lab-ad-forest-sid-filtering: every source prefix reconstructs stable frozen state and exact objects (21.961795ms)
✔ lab-ad-forest-invalid-pac: every source prefix reconstructs stable frozen state and exact objects (10.629259ms)
✔ lab-ad-forest-acl-denied: every source prefix reconstructs stable frozen state and exact objects (20.142328ms)
✔ lab-ad-forest-cached-referrals: every source prefix reconstructs stable frozen state and exact objects (10.502822ms)
✔ lab-ad-forest-cached-service: every source prefix reconstructs stable frozen state and exact objects (8.802881ms)
✔ lab-ssh-cert-success: every source prefix reconstructs stable frozen state and exact objects (48.982482ms)
✔ lab-ssh-cert-audience: every source prefix reconstructs stable frozen state and exact objects (19.358521ms)
✔ lab-ssh-cert-principal: every source prefix reconstructs stable frozen state and exact objects (18.96504ms)
✔ lab-ssh-cert-host: every source prefix reconstructs stable frozen state and exact objects (24.883891ms)
✔ lab-ssh-cert-userca: every source prefix reconstructs stable frozen state and exact objects (48.008243ms)
✔ lab-ssh-cert-copy: every source prefix reconstructs stable frozen state and exact objects (42.445187ms)
✔ lab-ssh-cert-session: every source prefix reconstructs stable frozen state and exact objects (26.354803ms)
✔ lab-ssh-cert-account: every source prefix reconstructs stable frozen state and exact objects (35.022053ms)
✔ lab-ssh-cert-root: every source prefix reconstructs stable frozen state and exact objects (34.602042ms)
✔ lab-ssh-cert-callback: every source prefix reconstructs stable frozen state and exact objects (4.489ms)
✔ lab-ssh-cert-pkce: every source prefix reconstructs stable frozen state and exact objects (5.244745ms)
✔ lab-ssh-cert-reissue: every source prefix reconstructs stable frozen state and exact objects (119.201527ms)
✔ lab-ssh-cert-lifecycle: every source prefix reconstructs stable frozen state and exact objects (85.176156ms)
✔ lab-ssh-device-cadence: every source prefix reconstructs stable frozen state and exact objects (34.48427ms)
✔ lab-ssh-device-cancel: every source prefix reconstructs stable frozen state and exact objects (4.253942ms)
✔ lab-ssh-device-restart: every source prefix reconstructs stable frozen state and exact objects (28.951148ms)
✔ lab-ssh-device-denied: every source prefix reconstructs stable frozen state and exact objects (4.859758ms)
✔ lab-ssh-device-expired: every source prefix reconstructs stable frozen state and exact objects (5.399685ms)
✔ lab-ssh-device-clienterror: every source prefix reconstructs stable frozen state and exact objects (9.391971ms)
✔ lab-ssh-sssd-success: every source prefix reconstructs stable frozen state and exact objects (36.212591ms)
✔ lab-ssh-sssd-cached: every source prefix reconstructs stable frozen state and exact objects (30.464173ms)
✔ lab-ssh-sssd-bob: every source prefix reconstructs stable frozen state and exact objects (38.242204ms)
✔ lab-ssh-sssd-domain: every source prefix reconstructs stable frozen state and exact objects (35.178915ms)
✔ lab-ssh-sssd-account: every source prefix reconstructs stable frozen state and exact objects (35.882424ms)
✔ lab-ssh-sssd-lookup: every source prefix reconstructs stable frozen state and exact objects (5.826776ms)
✔ lab-ssh-sssd-permission: every source prefix reconstructs stable frozen state and exact objects (5.924319ms)
✔ lab-ssh-sssd-zero: every source prefix reconstructs stable frozen state and exact objects (43.968227ms)
✔ lab-ssh-gss-success: every source prefix reconstructs stable frozen state and exact objects (5.39016ms)
✔ lab-ssh-gss-account: every source prefix reconstructs stable frozen state and exact objects (4.833219ms)
✔ child-to-child forest route preserves original identity across every client-driven referral (0.867862ms)
✔ selective authentication, invalid PAC and resource ACL are distinct rejecting authorities and stages (0.461001ms)
✔ a chain of separate forest trusts does not invent access; explicit direct trust grants only its configured direction (0.267245ms)
✔ cached forest credentials retain their identities while fresh service proof has its own instance (0.630702ms)
✔ runtime scalar binding preserves acquisition chronology and never changes unrelated scalar occurrences (1.101407ms)
✔ runtime projection does not patch an opaque operation merely because its attribute id matches a scalar binding (0.186515ms)
✔ R1 real AD preset: unknown SPN stops at the KDC and leaves unrelated credentials intact (0.31178ms)
✔ R1 real AD preset: stale acceptor key is checked only after issuance, caching and AP presentation (0.429314ms)
✔ PKINIT uses independent signed and KDC request nonces and keeps private key material out of network packets (0.547289ms)
✔ FAST checksum failure stops before decoding the protected authoritative inner request (0.224681ms)
✔ FAST computer bootstrap exception does not grant a user ticket and ordinary TGS uses its mandatory subkey (0.21714ms)
✔ native SSH enrollment and SSH user proof have separate recipient, key and transport boundaries (0.878377ms)
✔ wrong-audience SSH enrollment uses a separate foreign token after normal CLI validation (0.336447ms)
✔ Device reference honors default interval, repeated slow_down and timeout backoff using only protocol time (0.524805ms)
✔ Device cancellation rejects an in-flight successful result without accepting credentials or resuming polls (0.266394ms)
✔ remote SSSD owns Device authorization while SSH instructions contain only public human fields (0.481581ms)
✔ browser approval of Bob or a same-name foreign identity cannot authenticate requested Alice at SSH (0.326151ms)
✔ published revocation, installed host knowledge and an established SSH session keep independent histories (0.621608ms)
✔ Keycloak primary-only Alternative success is not relabeled MFA by optional token claims (0.286803ms)
✔ fresh factor belongs to the current OIDC transaction and age-bounded reuse preserves prior ceremony identity (0.766522ms)
✔ failed required factors and unsupported/silent assurance produce no code or application success (0.591273ms)
✔ protocol controls expose both app and broker protocols, SAML bindings and separate XML/JWE protection choices (11375.89523ms)
✔ single-realm app SAML uses the web SP and browser assertion delivery instead of application OAuth parameters (10947.185848ms)
✔ SAML request binding and initiation controls change the actual browser messages (11175.74932ms)
✔ application and broker protocol controls support both mixed directions and two independent SAML hops (10830.720571ms)
✔ encrypted SAML assertions use XML Encryption while signing keys, decryption keys and plaintext content keys stay local (11437.712854ms)
✔ JWE remains available only on the OIDC side of a mixed SAML/OIDC journey (7535.450476ms)
✔ JWE app, broker and combined choices expand only their actual OIDC token-response hop (9020.309621ms)
✔ JWE study keeps recipient private keys and plaintext CEKs local and validates the inner identity after decrypting (8840.469913ms)
✔ inactive index fields can activate the specific SAML or JWE configuration needed for their lifecycle (29638.032802ms)
✔ factor journeys remain selectable across SAML and JWE setups, and whole demos complete their protocol sequence (26024.430265ms)
✔ ready sign-in cards show their actual application and realm context, with full addresses in help (3457.788774ms)
✔ separate Keycloak realm cards preserve deployment and realm ownership and escape display-only metadata (3171.36937ms)
✔ external cards show the selected provider context and retain Cognito issuer versus login-domain separation (4012.534194ms)
✔ mixed-case native HTTP stays on the native card and cannot enter network cards or SAML context (7906.876803ms)
✔ Cognito selector cannot claim broker JWE; app-side Keycloak JWE and the Generic lesson remain independent (4480.866202ms)
✔ service application URL is visible participant context without inventing an OAuth wire parameter (1784.021795ms)
✔ standards-only CIBA actors display their actual OP issuer and never inherit Keycloak or signed-hint identities (3575.058259ms)
✔ advanced clients use the current model owned client_id and redirect_uri instead of generic login examples (9329.252174ms)
✔ LAB assertion issuers remain separate from reused API, RP and controlled-authentication slots (6102.838371ms)
✔ seek control previews forward and backward RFC packets on their real connections, without running frames (1093.875916ms)
✔ seek endpoints freeze at the first and last stage, and Reset clears the preview and all progress (1843.568777ms)
✔ Play after seeking resumes the selected packet and plays precisely the remaining complete journey (1019.17334ms)
✔ attribute timeline seeking stays inside the selected RFC field lifecycle and resumes its remaining moments (2197.883591ms)
✔ connection replay reports its position within the whole journey, and seeking switches back to that whole journey (1001.95176ms)
✔ 0.01× playback advances slowly, 0 freezes its packet, and main Resume restores the last running speed (699.098429ms)
✔ attribute focus Resume at zero speed restores the last running speed without restarting the selected packet (1427.122751ms)
✔ inspector Replay complete attribute path restores speed after Stop and starts the entire selected path (1296.17447ms)
✔ inspector Replay exchange restores the last non-zero speed and replays only that exchange (844.084081ms)
✔ full-queue duration and absolute progress count every payload and retain the existing stage timing (1.57078ms)
✔ seeking previews the exact packet position in both directions without scheduling animation (1.213903ms)
✔ seek boundaries select the new stage, include lead and tail, and clamp to a frozen end (0.352921ms)
✔ seeking during playback cancels the pending frame and resumes from the preview without time jumps (0.395284ms)
✔ seeked playback preserves the entire remaining stage order, carry-over time and exact final progress (1.275334ms)
✔ 0 speed freezes the packet; very slow positive speeds resume only through explicit Play (0.607848ms)
✔ starting a fresh queue at zero speed remains paused and does not discard its initial preview (0.283419ms)
✔ invalid speed and seek inputs cannot produce NaN state or interrupt an existing queue (0.276849ms)
✔ queues are shallow copied, source stages remain unchanged, and empty seeking clears playback (0.754775ms)
✔ all seven protection scenarios use immutable precise ledgers and only existing active actors (17.554458ms)
✔ all private crypto keys stay within their owner and never appear in transmission operations (0.835073ms)
✔ private_key_jwt authenticates a separate grant using client_assertion and one configured audience (0.433751ms)
✔ client-assertion replay and lifetime policy finishes before token issuance (0.439349ms)
✔ mutual TLS authentication and certificate binding are explicit separate settings (0.282116ms)
✔ the resource enforces the TLS certificate possession and exact token confirmation binding (0.281526ms)
✔ PAR pushes the complete request authenticated before returning an expiring reference (0.333623ms)
✔ PAR browser request contains only client identity and handle, with binding/expiry/one-use checks (0.430796ms)
✔ JAR signs all request fields and forbids unsigned query fallback or client identity mismatch (0.500299ms)
✔ JARM carries the code and original state only inside a response JWT on the browser callback (0.528461ms)
✔ all JARM verification completes before grant-specific code processing and redemption (0.288156ms)
✔ PAR, JAR and JARM preserve ordinary callback state and direct PKCE code redemption (0.574589ms)
✔ DPoP token and API proofs are separate, fresh and bound to the exact HTTP request (0.306142ms)
✔ DPoP scheme and JWK confirmation are distinct from client authentication and certificate binding (0.366741ms)
✔ API nonce challenge uses HTTP 401 and resource-specific nonce, then signs a new retry proof (0.278592ms)
✔ resource DPoP enforcement verifies ordinary token policy, proof-key thumbprint, exact ath and nonce (0.332251ms)
✔ JWT authorization grant assertion represents a linked external subject and authenticates the client separately (0.530293ms)
✔ support labels and source links distinguish current Keycloak features from explicit profile choices (0.227546ms)
✔ initial state is cloned and frozen, with stable defaults and no source events applied (2.943919ms)
✔ R1: unknown SPN fails at acquisition without a target cache entry or AP-REQ (0.610792ms)
✔ R1: stale acceptor key does not prevent successful TGS acquisition, caching or fresh AP-REQ (0.540578ms)
✔ R1: service rejection retains the issued cached credential and knowledge is delivered later (0.370908ms)
✔ full, direct seek, field and link projections reconstruct the same complete source prefix (0.829195ms)
✔ protocol time advances only through explicit source events, independently of visual replay (0.371729ms)
✔ issuer revocation knowledge, installed host revocation and existing session have separate chronology (1.728123ms)
✔ append and remove retain unrelated holdings, consumed tokens and replay-cache history (0.28404ms)
✔ issued, cached and presented credential has one identity; fresh authenticators remain distinct (1.27975ms)
✔ wire bytes and decoded local fields keep their exact event-specific representations and values (0.555721ms)
✔ initial objects and metadata aliases are normalized without invented wire fields (0.32485ms)
✔ exact operation value takes precedence and missing exact references never use generic examples (0.266294ms)
✔ validator rejects future knowledge, mutable instance creator and unknown actors (0.356387ms)
✔ immutable instance fields cannot become different issued bytes at a later event (0.347573ms)
✔ effect validation rejects malformed paths, invalid clock changes and invalid append targets (0.51508ms)
✔ legacy models require no state annotations or synthetic object instances (0.297429ms)
✔ all journeys have valid actors, glossary references, and distinct ordered steps (1.410884ms)
✔ displayed native S256 PKCE pair matches RFC 7636 and the verifier stays off redirects (0.686454ms)
✔ browser delivers both independent codes; realms exchange their own tokens directly (0.541369ms)
✔ credential private keys never appear as transmitted registration or assertion data (0.425469ms)
✔ public TOTP provisioning example computes the code shown in both journeys (2.042176ms)
✔ MFA is completed in Realm B before a broker authorization code is issued (0.330919ms)
✔ every ready preset can play its complete real journey without editing configuration (15540.115204ms)
✔ environment edits affect messages and attribute replay only after an explicit atomic apply (3311.539926ms)
✔ external provider drafts and committed addresses remain isolated while switching OIDC and SAML (6792.063262ms)
✔ page lifecycle clears runtime values and disconnect removes lifecycle listeners (4051.0843ms)
✔ native callback and ordinary SAML environment fields expose their distinct protocol identifiers (4637.493307ms)
✔ runtime personalization has no persistence, network, address navigation or URL serialization code (2.868496ms)
✔ hidden desktop callback drafts cannot contaminate web sign-in or block a later SAML environment apply (7606.268942ms)
✔ R8: connection click Replay at zero speed removes the old private-verifier packet and starts its own request (1227.09442ms)
✔ R8: connection Enter Replay at zero speed removes the old private-verifier packet and starts its own request (817.912717ms)
✔ R8: connection Space Replay at zero speed removes the old private-verifier packet and starts its own request (702.381536ms)
✔ R8: intentionally paused queue replacement synchronizes its packet immediately without restoring speed (789.104622ms)
✔ R8: explicit next activation replays after Stop while a deliberate seek remains paused (863.298051ms)
✔ R8: explicit timeline activation replays after Stop while a deliberate seek remains paused (969.478069ms)
✔ R8: explicit attribute activation replays after Stop while a deliberate seek remains paused (1494.121862ms)
✔ non-animated step selection retains a stopped speed and does not start a replay (751.180065ms)
✔ L1: lab-token-revocation end-seek and Play preserve all naturally completed links including the terminal exchange (1760.946968ms)
✔ L1: lab-frontchannel-logout end-seek and Play preserve all naturally completed links including the terminal exchange (1670.514662ms)
✔ L1: lab-mtls end-seek and Play preserve all naturally completed links including the terminal exchange (1881.321322ms)
✔ L1: lab-jwt-grant end-seek and Play preserve all naturally completed links including the terminal exchange (2102.356325ms)
✔ L1: lab-exchange-delegation end-seek and Play preserve all naturally completed links including the terminal exchange (1734.890644ms)
✔ L1: lab-saml-metadata end-seek and Play preserve all naturally completed links including the terminal exchange (1928.001903ms)
✔ L1: lab-concurrent-sessions end-seek and Play preserve all naturally completed links including the terminal exchange (1971.92114ms)
✔ L1: code_verifier focused end-seek and Play preserve terminal local verification and natural completion styling (1812.41131ms)
✔ R10: resizing repositions an index explanation and preserves keyboard focus and playing state (1021.829847ms)
✔ keyboard focus on a help trigger also survives resize without entering its popup (945.73726ms)
✔ nested participant and attribute dialogs reposition together and retain their Escape return chain (710.669644ms)
✔ resize closes hover-only participant and attribute help without moving outside focus (783.277569ms)
✔ an unrelated hover participant panel closes while keyboard-owned index help stays open (715.624654ms)
✔ a rebuilt index anchor closes its explanation and returns focus to the replacement field (1395.219736ms)
✔ a hidden index anchor closes its explanation and returns focus to Play (775.243295ms)
✔ a detached inspector anchor after playback advances resolves its current field on resize (929.226944ms)
✔ a detached inspector field absent from the current step returns focus to its visible index entry (907.141241ms)
✔ a rebuilt nested attribute anchor returns to the current participant field while keeping its parent open (729.636589ms)
✔ a hidden nested attribute anchor returns to its index field without hiding keyboard focus (703.889669ms)
✔ a rebuilt participant card closes both nested panels and returns to its current card (646.76382ms)
✔ a hidden parent card closes nested help and returns focus to a stable fallback (600.303992ms)
✔ a hidden parent panel cannot leave its nested explanation holding keyboard focus after resize (545.047291ms)
✔ resize after focus leaves a dialog closes it without returning focus to its old trigger (597.399483ms)
✔ F01: the accepted moved web layout retains a visible, clear TOTP self-action loop (11.492711ms)
✔ F01: all ordered routes remain clear after moving the user into the reported location (79.005328ms)
✔ adaptive local loops remain routable at all movement clamp corners (1.407618ms)
✔ candidate validation checks local operations even when no journey contains self-transfers (3.378589ms)
✔ candidate validation rejects an unroutable transfer without mutation or an escaping exception (1.135036ms)
✔ candidate validation reports malformed route inputs and supports every documented pair representation (0.942522ms)
✔ browser execution and client ownership are explicit independently of graph layout (0.932617ms)
✔ desktop HTTP context is ignored in Implicit/Hybrid without resetting, and restored exactly for the native client (16046.213592ms)
✔ browser lessons Apply exact HTTPS callbacks, and Reset clears the actor and protocol context (5493.304085ms)
✔ SPA applied context appears on its browser client card, popup and inspector, with separate API/IdP ownership (3361.854536ms)
✔ the optional runtime schema separates application addresses, identifiers and provider metadata (1.063641ms)
✔ draft editing does not affect applied examples; apply and reset are atomic and revisioned (3.10874ms)
✔ deployment context paths and escaped realm/broker segments remain coherent (1.003491ms)
✔ exact issuers are preserved and explicit endpoints independently override derived Keycloak paths (0.669359ms)
✔ endpoint validation permits HTTP loopback only for native application/callback addresses (0.659894ms)
✔ app callback query, exact ACS and URI entityID are independent values (0.826561ms)
✔ symbolic bindings do not rewrite unrelated URI suffixes, domains or newly inserted operator values (1.317165ms)
✔ provider overrides are isolated, and another provider draft is not implicitly committed (0.693975ms)
✔ an arbitrary external issuer never invents authorization, token or JWKS paths (0.456585ms)
✔ Cognito managed-login overrides follow declared routes while keeping exact endpoints and user-pool trust independent (0.956012ms)
✔ native loopback overrides do not leak into a web/SAML preset and inactive drafts cannot block or silently join its apply (1.244388ms)
✔ URL scheme applicability is parsed consistently without normalizing exact native or HTTPS values (45.165393ms)
✔ execution environment controls loopback applicability independently of public-client layout and resolver caches (2.212868ms)
✔ application context follows its explicitly declared browser client and keeps IdP ownership separate (1.051412ms)
✔ participant context is immutable applied display metadata, with effective paths and protocol-specific identifiers (1.720731ms)
✔ participant provider metadata and aliases stay owner-scoped and never expose pending drafts or credentials (2.624786ms)
✔ provider profiles use explicit endpoint and metadata overrides, including branded broker callbacks (2.710964ms)
✔ runtime adaptation follows provider adaptation and retains its authentication boundary and wire fields (53.313931ms)
✔ core broker traces keep Realm A and upstream issuer/JWKS ownership separate (7.649476ms)
✔ client_id projection updates app identity and nested claims without changing API audiences or credentials (0.960668ms)
✔ custom identifiers use the existing carrier encoding, while primitive attribute values stay raw (0.571614ms)
✔ known symbolic ID-token issuer labels become owner-specific addresses without altering other token material (1.317025ms)
✔ SAML entity overrides preserve different message issuers and recipient addresses (6.895774ms)
✔ direct WebAuthn personalization keeps origin and RP-ID examples coherent with the application (4.741051ms)
✔ all 43 extended models keep topology/operation keys and original objects while projecting Realm A addresses (227.467189ms)
✔ every core journey remains structurally unchanged and projection does not freeze its mutable source (28.970312ms)
✔ SAML lab scenarios provide immutable authored models with genuine indexed operations and explicit product scope (14.07103ms)
✔ artifact front channel contains the reference and embedded type/index/source/handle, never an assertion (0.458648ms)
✔ artifact resolution authenticates the intended SP and consumes only once before returning the retained message (1.217298ms)
✔ outer resolution correlation and original sign-in correlation remain independent, with all profile checks before session creation (0.370427ms)
✔ SP-initiated SLO keeps participant identifiers independent and returns its original correlated result after the other SP acknowledgment (0.37256ms)
✔ IdP initiation creates a separate request for each SP and no fabricated response to an original SP requester (0.3186ms)
✔ SOAP SLO reaches both participants directly without browser messages and validates actual acknowledgments (0.499768ms)
✔ metadata trust precedes key installation and rollover accepts public keys through existing trust only (0.259183ms)
✔ expired, replayed and signed denied attempts create rejection state and never a new authenticated session (0.576892ms)
✔ private signing keys, session records, metadata trust, accepted IDs and artifact state never become network fields (1.345968ms)
✔ independent review: all 13 SAML trace observations retain the expected message authority, expiry and outcome (5.879473ms)
✔ ArtifactResolve authority changes only when the separate IdP response is created and returned (1.467758ms)
✔ independent SAML failure branches keep separate request contexts and never normalize a denial to Success (2.433924ms)
✔ SP and IdP metadata use their own entity, endpoint binding and public signing certificate at acceptance (1.258258ms)
✔ SLO request and response traces keep participant-specific issuer, recipient and correlation at every boundary (31.807041ms)
✔ SAML composes all factor methods, topologies, architectures and protocol hops without mutating reference data (541.532291ms)
✔ mixed protocol compositions preserve only the OIDC client hop they actually implement (1.256585ms)
✔ Redirect and POST request bindings carry nested XML fields in honest chronological ledgers (1.811145ms)
✔ IdP-initiated app responses omit request correlation while broker requests remain independently SP-initiated (3.146526ms)
✔ XML Encryption keeps plaintext claims and keys local and authenticates ciphertext before validating decrypted XML (1.20491ms)
✔ assertion validation distinguishes audience, recipient, confirmation expiry and replay from authentication method policy (1.226351ms)
✔ enrollment remains a verified-account credential ceremony rather than generating a fake SAML sign-in (0.332361ms)
✔ actors and index descriptions follow active protocols and never assign private server keys to the browser (10.052194ms)
✖ the scenario field exposes an inline combobox while preserving the complete native selection contract (820.973972ms)
✖ inline search matches case-insensitive terms across titles, categories, status and canonical attributes (897.310608ms)
✖ typing and clearing results preserve the active journey, selected attribute and running playback (1794.964339ms)
✔ keyboard navigation changes only the highlighted option until Enter selects it (1771.908638ms)
✔ no results and Enter cannot accidentally switch or reset the active scenario (1182.858671ms)
✔ Escape, Tab and outside focus dismiss a query and restore the selected title (1340.371819ms)
✔ native, catalog and programmatic selections all synchronize the inline scenario title (2124.212211ms)
✔ typing into a closed field preserves the query, including immediately after selecting without another focus event (1383.724059ms)
✔ choosing Core lab through the inline search restores the configurable setup saved before visiting a scenario (4228.665385ms)
✔ the first Basic Keycloak sign-in preset shows a single-realm browser password login with Code and PKCE (2080.805751ms)
✔ service-account definitions and topic retain canonical names and primary provenance (2.307668ms)
✔ client_credentials is a direct confidential-client flow independent of human login selections (1.132032ms)
✔ token request has only OAuth grant/scope body fields and a single Basic authentication method (0.264691ms)
✔ Basic credentials are prepared locally, intentionally sent under TLS and verified by the issuer (0.314124ms)
✔ Keycloak capability and role intersection checks happen before access-token issuance (0.734024ms)
✔ service subject and resource audience use separate access-token claims with local realm signing (1.46291ms)
✔ normal response includes access token metadata and nested signed claims, with no ID or refresh token (0.303588ms)
✔ participant overrides describe the confidential service and only its relevant OAuth attributes (0.478096ms)
✔ model is deeply immutable while definitions and actor overrides are fresh for safe integration (0.799961ms)
✔ single realm is an identity setup option for all seven journeys and both application architectures (14.345515ms)
✔ Realm A completes its required factors before issuing its own application code for its existing account (0.810136ms)
✔ application client_id selects registration, binds codes, identifies native/body or confidential/Basic redemption and matches aud (5.811192ms)
✔ native and HTTPS callbacks preserve the app code, state and PKCE while the browser never receives the verifier (0.467891ms)
✔ passkey and TOTP enrollment target verified A accounts and YubiKey CTAP inherits A RP scope (2.272126ms)
✔ single realm actor and attribute overrides contain A’s credentials and one registered application client (5.197014ms)
✔ step panels remain bounded and avoid every actor for all real ordered routes in both layouts (520.824205ms)
✔ reversing a connection preserves placement and its tether location (9.539969ms)
✔ a crowded route falls back to a free region rather than covering participants (0.693544ms)
✔ a simple clear connection keeps the panel beside the link and near its middle (0.30464ms)
✔ degenerate input and oversize panels have deterministic bounded fallbacks without mutation (6.847983ms)
✔ the names-only overlay is optional, initially enabled, and hidden before animation (5175.170141ms)
✔ the full parameter set stays visible during lead-in, packet gaps, pause and tail, then hides at completion (5005.710668ms)
✔ whole demos and clicked links replace the overlay set at each ordered step (6163.794867ms)
✔ focused PKCE transport keeps the complete source request next to the link without adding the local verifier (4624.204322ms)
✔ stored PKCE challenge appears in local server checks while the token request carries only the verifier (4833.25683ms)
✔ the live checkbox hides and restores an active or paused overlay without changing animation state (4218.708962ms)
✔ reset, focus changes, cancellation and protocol configuration discard stale overlay context (6333.354572ms)
✔ encrypted SAML and JWE wire overlays list actual message names without plaintext claims or key material (6417.119762ms)
✔ Standard V2 exchange is a cached same-realm backend operation without new user authentication (2.245867ms)
✔ exchange request distinguishes subject-token authorization from confidential-client authentication (0.660245ms)
✔ source token and client eligibility are verified before new authorization is issued (0.404988ms)
✔ downscoping is shown as an explicit client policy rather than an automatic Standard V2 restriction (0.387593ms)
✔ response type metadata and nested token claims follow RFC 8693 with a separate result token (0.662879ms)
✔ exchange keeps original token and does not invent token consumption, revocation chain or actor delegation (0.267756ms)
✔ every exchange index field has an explicit lifecycle and actor attributes match the active grant (4.700692ms)
✔ the universal selector exposes every model with its own participants, support note and primary source (26014.803045ms)
✔ all extended demos complete in exact model order and update the names-only overlay for each stage (46388.453823ms)
✔ catalog browsing searches scenario titles and attributes and opens the selected model (1061.548864ms)
✔ scenario-specific scalar fields and topics offer working switches from an inactive index (165203.74014ms)
✔ SAML scalar traces preserve distinct pairwise subjects and the actual sender issuer on each wire (1830.948662ms)
✔ inactive lab fields retain their exact participant identity instead of aliasing a same-named active field (2630.252395ms)
✔ participant and parameter hovers expose complete model metadata with API and secondary-SP roles (36432.994617ms)
✔ the shared PKCE topic traces the active client and keeps the BFF verifier outside browser messages (3085.447193ms)
✔ OIDC identity-token nonce study stays separate from a DPoP resource freshness challenge (3043.899406ms)
✔ participant movement clamps to the canvas, rejects card collisions and recomputes paused connection context (2241.918379ms)
✔ moving participants supports explicit pointer and keyboard controls and core configuration survives lab visits (6501.193649ms)
✔ five SPA/API labs are immutable, use known actors and expose complete namespaced attribute ledgers (5.600281ms)
✔ pure SPA is the public browser client: local PKCE/state/nonce, actual browser callback, no backend or secret (1.436761ms)
✔ SPA code redemption uses client_id + original verifier and checks identity nonce locally (0.418649ms)
✔ API calls use access tokens with API audience, never ID tokens or client/factor secrets (0.459599ms)
✔ cross-origin SPA CORS preflight carries header names, never a bearer token; actual request still authenticates (0.308616ms)
✔ BFF preserves the browser-cookie/server-token boundary on every exchange (0.757469ms)
✔ introspection authenticates the API separately from the token under inspection and checks full policy (0.777187ms)
✔ 401 invalid_token and 403 insufficient_scope are independent cases and challenge auth-params (0.367553ms)
✔ an authentic unexpired token for other-api is rejected before scope checks at Orders API (0.985616ms)
✔ audience-focused animations retain the received other-api claim and show expected orders-api only locally (2.226649ms)
✔ unknown kid causes one issuer-pinned JWKS refresh before verification and never transports a private signing key (0.572736ms)
✔ focused PKCE, API authorization and cookie traces have genuine create/send/verify moments at correct actors (0.749216ms)
✔ all added presets use their owning workspace and scenario actor registry (59795.672048ms)
✔ workspace defaults and sibling Kerberos families require no custom knobs (4581.399919ms)
✔ component expansion, card movement and zero-speed frames preserve source state (3424.010857ms)
✔ collapsed connection replay follows logical component events and uses the complete source prefix (1459.012501ms)
✔ attribute focus reveals its internal owner; full, field and seek views share event state (3059.572889ms)
✔ runtime edits are visible on actors, rebuild at the beginning and never enter navigation history (3836.271769ms)
✔ contextual account rebuild changes policy and certificate bytes coherently without mutating the base fixture (3663.742287ms)
✖ four lifetime displays rewind issuer and host knowledge independently from an established SSH session (1615.277981ms)
✔ route allowlist owns workspaces, bridge identity and unknown fallback (0.966757ms)
✔ parent grouping changes visible ownership only and positions remain actor-owned (1.094326ms)
✔ runtime binding rebuilds declared scalar occurrences without inventing credentials or patching ciphertext (0.926218ms)
✔ typed page-only environment validates SSH/Kerberos inputs and clears them on reset (1.322173ms)
ℹ tests 651
ℹ suites 0
ℹ pass 647
ℹ fail 4
ℹ cancelled 0
ℹ skipped 0
ℹ todo 0
ℹ duration_ms 420779.672165

✖ failing tests:

test at tests/scenario-picker.test.mjs:32:1
✖ the scenario field exposes an inline combobox while preserving the complete native selection contract (820.973972ms)
  AssertionError [ERR_ASSERTION]: Expected values to be strictly equal:
  
  139 !== 54
  
      at TestContext.<anonymous> (file:///workspace/scratch/231fca57c2a8/auth-lab-main/tests/scenario-picker.test.mjs:38:81)
      at Test.runInAsyncScope (node:async_hooks:227:14)
      at Test.run (node:internal/test_runner/test:1382:25)
      at Test.start (node:internal/test_runner/test:1242:17)
      at startSubtestAfterBootstrap (node:internal/test_runner/harness:387:17) {
    generatedMessage: true,
    code: 'ERR_ASSERTION',
    actual: 139,
    expected: 54,
    operator: 'strictEqual',
    diff: 'simple'
  }

test at tests/scenario-picker.test.mjs:47:1
✖ inline search matches case-insensitive terms across titles, categories, status and canonical attributes (897.310608ms)
  AssertionError [ERR_ASSERTION]: token session lifecycle matches every requested term across scenario metadata
  + actual - expected
  ... Skipped lines
  
    [
      'lab-backchannel-logout',
      'lab-frontchannel-logout',
      'lab-offline-access',
      'lab-refresh-rotation',
  ...
      'lab-ssh-cert-lifecycle',
  +   'lab-ssh-device-restart',
      'lab-sso-existing-session',
      'lab-sso-login-required',
      'lab-token-revocation'
    ]
  
      at TestContext.<anonymous> (file:///workspace/scratch/231fca57c2a8/auth-lab-main/tests/scenario-picker.test.mjs:52:14)
      at Test.runInAsyncScope (node:async_hooks:227:14)
      at Test.run (node:internal/test_runner/test:1382:25)
      at Test.processPendingSubtests (node:internal/test_runner/test:960:18)
      at Test.postRun (node:internal/test_runner/test:1522:19)
      at Test.run (node:internal/test_runner/test:1447:12)
      at async startSubtestAfterBootstrap (node:internal/test_runner/harness:387:3) {
    generatedMessage: false,
    code: 'ERR_ASSERTION',
    actual: [ 'lab-backchannel-logout', 'lab-frontchannel-logout', 'lab-offline-access', 'lab-refresh-rotation', 'lab-rp-initiated-logout', 'lab-session-expiry', 'lab-ssh-cert-lifecycle', 'lab-ssh-device-restart', 'lab-sso-existing-session', 'lab-sso-login-required', 'lab-token-revocation' ],
    expected: [ 'lab-backchannel-logout', 'lab-frontchannel-logout', 'lab-offline-access', 'lab-refresh-rotation', 'lab-rp-initiated-logout', 'lab-session-expiry', 'lab-ssh-cert-lifecycle', 'lab-sso-existing-session', 'lab-sso-login-required', 'lab-token-revocation' ],
    operator: 'deepStrictEqual',
    diff: 'simple'
  }

test at tests/scenario-picker.test.mjs:59:1
✖ typing and clearing results preserve the active journey, selected attribute and running playback (1794.964339ms)
  AssertionError [ERR_ASSERTION]: Expected values to be strictly equal:
  
  139 !== 54
  
      at TestContext.<anonymous> (file:///workspace/scratch/231fca57c2a8/auth-lab-main/tests/scenario-picker.test.mjs:64:144)
      at Test.runInAsyncScope (node:async_hooks:227:14)
      at Test.run (node:internal/test_runner/test:1382:25)
      at Test.processPendingSubtests (node:internal/test_runner/test:960:18)
      at Test.postRun (node:internal/test_runner/test:1522:19)
      at Test.run (node:internal/test_runner/test:1447:12)
      at async Test.processPendingSubtests (node:internal/test_runner/test:960:7) {
    generatedMessage: true,
    code: 'ERR_ASSERTION',
    actual: 139,
    expected: 54,
    operator: 'strictEqual',
    diff: 'simple'
  }

test at tests/workspace-ui.test.mjs:101:1
✖ four lifetime displays rewind issuer and host knowledge independently from an established SSH session (1615.277981ms)
  AssertionError [ERR_ASSERTION]: Expected values to be strictly deep-equal:
  + actual - expected
  
  + {
  +   host: {
  +     revokedSerials: []
  +   }
  + }
  - {}
  
      at TestContext.<anonymous> (file:///workspace/scratch/231fca57c2a8/auth-lab-main/tests/workspace-ui.test.mjs:108:36)
      at Test.runInAsyncScope (node:async_hooks:227:14)
      at Test.run (node:internal/test_runner/test:1382:25)
      at Test.processPendingSubtests (node:internal/test_runner/test:960:18)
      at Test.postRun (node:internal/test_runner/test:1522:19)
      at Test.run (node:internal/test_runner/test:1447:12)
      at async Test.processPendingSubtests (node:internal/test_runner/test:960:7) {
    generatedMessage: true,
    code: 'ERR_ASSERTION',
    actual: { host: { revokedSerials: [] } },
    expected: {},
    operator: 'deepStrictEqual',
    diff: 'simple'
  }
