✔ the scenario field exposes an inline combobox while preserving the complete native selection contract (728.797464ms)
✔ inline search matches case-insensitive terms across titles, categories, status and canonical attributes (1197.263576ms)
✔ typing and clearing results preserve the active journey, selected attribute and running playback (1485.711319ms)
✔ keyboard navigation changes only the highlighted option until Enter selects it (1119.670223ms)
✔ no results and Enter cannot accidentally switch or reset the active scenario (1140.99483ms)
✔ Escape, Tab and outside focus dismiss a query and restore the selected title (1074.258524ms)
✔ native, catalog and programmatic selections all synchronize the inline scenario title (2143.238981ms)
✔ typing into a closed field preserves the query, including immediately after selecting without another focus event (972.006303ms)
✔ choosing Core lab through the inline search restores the configurable setup saved before visiting a scenario (2976.154358ms)
✔ the first Basic Keycloak sign-in preset shows a single-realm browser password login with Code and PKCE (1966.124434ms)
ℹ tests 10
ℹ suites 0
ℹ pass 10
ℹ fail 0
ℹ cancelled 0
ℹ skipped 0
ℹ todo 0
ℹ duration_ms 15098.471004
